Archive member included to satisfy reference by file (symbol)

.pio/build/weact_mini_h743vitx/libaa3/libDaisySP.a(atone.cpp.o)
                              .pio/build/weact_mini_h743vitx/src/main.cpp.o (daisysp::ATone::Init(float))
.pio/build/weact_mini_h743vitx/libaa3/libDaisySP.a(tone.cpp.o)
                              .pio/build/weact_mini_h743vitx/src/main.cpp.o (daisysp::Tone::Init(float))
.pio/build/weact_mini_h743vitx/libaa3/libDaisySP.a(overdrive.cpp.o)
                              .pio/build/weact_mini_h743vitx/src/main.cpp.o (daisysp::Overdrive::Init())
.pio/build/weact_mini_h743vitx/lib010/libDattorro.a(Dattorro.cpp.o)
                              .pio/build/weact_mini_h743vitx/src/main.cpp.o (Dattorro::Dattorro(float, float, float))
.pio/build/weact_mini_h743vitx/libFrameworkArduino.a(HardwareSerial.cpp.o)
                              .pio/build/weact_mini_h743vitx/src/main.cpp.o (HardwareSerial::begin(unsigned long, unsigned char))
.pio/build/weact_mini_h743vitx/libFrameworkArduino.a(Stream.cpp.o)
                              .pio/build/weact_mini_h743vitx/libFrameworkArduino.a(HardwareSerial.cpp.o) (Stream::readBytes(char*, unsigned int))
.pio/build/weact_mini_h743vitx/libFrameworkArduino.a(WString.cpp.o)
                              .pio/build/weact_mini_h743vitx/libFrameworkArduino.a(Stream.cpp.o) (String::String(char const*))
.pio/build/weact_mini_h743vitx/libFrameworkArduino.a(dtostrf.c.o)
                              .pio/build/weact_mini_h743vitx/libFrameworkArduino.a(WString.cpp.o) (dtostrf)
.pio/build/weact_mini_h743vitx/libFrameworkArduino.a(itoa.c.o)
                              .pio/build/weact_mini_h743vitx/libFrameworkArduino.a(WString.cpp.o) (ltoa)
.pio/build/weact_mini_h743vitx/libFrameworkArduino.a(main.cpp.o)
                              c:/.platformio/packages/toolchain-gccarmnoneeabi/bin/../lib/gcc/arm-none-eabi/12.3.1/../../../../arm-none-eabi/lib/thumb/v7e-m+fp/hard/crt0.o (main)
.pio/build/weact_mini_h743vitx/libFrameworkArduino.a(startup_stm32yyxx.S.o)
                              (Reset_Handler)
.pio/build/weact_mini_h743vitx/libFrameworkArduino.a(wiring_time.c.o)
                              .pio/build/weact_mini_h743vitx/libFrameworkArduino.a(Stream.cpp.o) (millis)
.pio/build/weact_mini_h743vitx/libFrameworkArduino.a(Print.cpp.o)
                              .pio/build/weact_mini_h743vitx/libFrameworkArduino.a(Stream.cpp.o) (Print::write(unsigned char const*, unsigned int))
.pio/build/weact_mini_h743vitx/libFrameworkArduino.a(WSerial.cpp.o)
                              .pio/build/weact_mini_h743vitx/libFrameworkArduino.a(main.cpp.o) (serialEventRun())
.pio/build/weact_mini_h743vitx/libFrameworkArduino.a(board.c.o)
                              .pio/build/weact_mini_h743vitx/libFrameworkArduino.a(main.cpp.o) (init)
.pio/build/weact_mini_h743vitx/libFrameworkArduino.a(hooks.c.o)
                              .pio/build/weact_mini_h743vitx/libFrameworkArduino.a(wiring_time.c.o) (yield)
c:/.platformio/packages/toolchain-gccarmnoneeabi/bin/../lib/gcc/arm-none-eabi/12.3.1/thumb/v7e-m+fp/hard\libgcc.a(_arm_muldf3.o)
                              .pio/build/weact_mini_h743vitx/SrcWrapper/src/HardwareTimer.cpp.o (__aeabi_dmul)
c:/.platformio/packages/toolchain-gccarmnoneeabi/bin/../lib/gcc/arm-none-eabi/12.3.1/thumb/v7e-m+fp/hard\libgcc.a(_arm_addsubdf3.o)
                              .pio/build/weact_mini_h743vitx/src/main.cpp.o (__aeabi_dsub)
c:/.platformio/packages/toolchain-gccarmnoneeabi/bin/../lib/gcc/arm-none-eabi/12.3.1/thumb/v7e-m+fp/hard\libgcc.a(_arm_muldivdf3.o)
                              .pio/build/weact_mini_h743vitx/SrcWrapper/src/HardwareTimer.cpp.o (__aeabi_ddiv)
c:/.platformio/packages/toolchain-gccarmnoneeabi/bin/../lib/gcc/arm-none-eabi/12.3.1/thumb/v7e-m+fp/hard\libgcc.a(_arm_cmpdf2.o)
                              .pio/build/weact_mini_h743vitx/lib010/libDattorro.a(Dattorro.cpp.o) (__aeabi_dcmpeq)
c:/.platformio/packages/toolchain-gccarmnoneeabi/bin/../lib/gcc/arm-none-eabi/12.3.1/thumb/v7e-m+fp/hard\libgcc.a(_arm_unorddf2.o)
                              .pio/build/weact_mini_h743vitx/libFrameworkArduino.a(Print.cpp.o) (__aeabi_dcmpun)
c:/.platformio/packages/toolchain-gccarmnoneeabi/bin/../lib/gcc/arm-none-eabi/12.3.1/thumb/v7e-m+fp/hard\libgcc.a(_arm_fixdfsi.o)
                              .pio/build/weact_mini_h743vitx/libFrameworkArduino.a(dtostrf.c.o) (__aeabi_d2iz)
c:/.platformio/packages/toolchain-gccarmnoneeabi/bin/../lib/gcc/arm-none-eabi/12.3.1/thumb/v7e-m+fp/hard\libgcc.a(_arm_fixunsdfsi.o)
                              .pio/build/weact_mini_h743vitx/SrcWrapper/src/HardwareTimer.cpp.o (__aeabi_d2uiz)
c:/.platformio/packages/toolchain-gccarmnoneeabi/bin/../lib/gcc/arm-none-eabi/12.3.1/thumb/v7e-m+fp/hard\libgcc.a(_arm_truncdfsf2.o)
                              .pio/build/weact_mini_h743vitx/src/main.cpp.o (__aeabi_d2f)
[...]
Memory Configuration

Name             Origin             Length             Attributes
*default*        0x00000000         0xffffffff
FLASH            0x08000000         0x00200000         xr
RAM              0x20000000         0x00020000         xrw
RAM_D1           0x24000000         0x00080000         xrw
RAM_D2           0x30000000         0x00048000         xrw
RAM_D3           0x38000000         0x00010000         xrw
ITCMRAM          0x00000000         0x00010000         xrw

Linker script and memory map

                0x24080000                        _estack = (ORIGIN (RAM_D1) + LENGTH (RAM_D1))
                0x00000200                        _Min_Heap_Size = 0x200
                0x00000400                        _Min_Stack_Size = 0x400

.isr_vector     0x08000000      0x298
                0x08000000                        . = ALIGN (0x4)
 *(.isr_vector)
 .isr_vector    0x08000000      0x298 .pio/build/weact_mini_h743vitx/libFrameworkArduino.a(startup_stm32yyxx.S.o)
                0x08000000                g_pfnVectors
                0x08000298                        . = ALIGN (0x4)

.text           0x08000298     0xb960
                0x08000298                        . = ALIGN (0x4)
 *(.text)
 .text          0x08000298      0x378 c:/.platformio/packages/toolchain-gccarmnoneeabi/bin/../lib/gcc/arm-none-eabi/12.3.1/thumb/v7e-m+fp/hard\libgcc.a(_arm_addsubdf3.o)
                0x08000298                __aeabi_drsub
                0x080002a0                __aeabi_dsub
                0x080002a0                __subdf3
                0x080002a4                __aeabi_dadd
                0x080002a4                __adddf3
                0x0800051c                __floatunsidf
                0x0800051c                __aeabi_ui2d
                0x0800053c                __floatsidf
                0x0800053c                __aeabi_i2d
                0x08000560                __aeabi_f2d
                0x08000560                __extendsfdf2
                0x080005a4                __floatundidf
                0x080005a4                __aeabi_ul2d
                0x080005b4                __floatdidf
                0x080005b4                __aeabi_l2d
 .text          0x08000610      0x424 c:/.platformio/packages/toolchain-gccarmnoneeabi/bin/../lib/gcc/arm-none-eabi/12.3.1/thumb/v7e-m+fp/hard\libgcc.a(_arm_muldivdf3.o)
                0x08000610                __aeabi_dmul
                0x08000610                __muldf3
                0x08000864                __divdf3
                0x08000864                __aeabi_ddiv
 .text          0x08000a34      0x110 c:/.platformio/packages/toolchain-gccarmnoneeabi/bin/../lib/gcc/arm-none-eabi/12.3.1/thumb/v7e-m+fp/hard\libgcc.a(_arm_cmpdf2.o)
                0x08000a34                __gtdf2
                0x08000a34                __gedf2
                0x08000a3c                __ltdf2
                0x08000a3c                __ledf2
                0x08000a44                __nedf2
                0x08000a44                __eqdf2
                0x08000a44                __cmpdf2
                0x08000ac0                __aeabi_cdrcmple
                0x08000ad0                __aeabi_cdcmpeq
                0x08000ad0                __aeabi_cdcmple
                0x08000ae0                __aeabi_dcmpeq
                0x08000af4                __aeabi_dcmplt
                0x08000b08                __aeabi_dcmple
                0x08000b1c                __aeabi_dcmpge
                0x08000b30                __aeabi_dcmpgt
 .text          0x08000b44       0x50 c:/.platformio/packages/toolchain-gccarmnoneeabi/bin/../lib/gcc/arm-none-eabi/12.3.1/thumb/v7e-m+fp/hard\libgcc.a(_arm_fixdfsi.o)
                0x08000b44                __aeabi_d2iz
                0x08000b44                __fixdfsi
 .text          0x08000b94       0xa0 c:/.platformio/packages/toolchain-gccarmnoneeabi/bin/../lib/gcc/arm-none-eabi/12.3.1/thumb/v7e-m+fp/hard\libgcc.a(_arm_truncdfsf2.o)
                0x08000b94                __truncdfsf2
                0x08000b94                __aeabi_d2f
 .text          0x08000c34       0x30 c:/.platformio/packages/toolchain-gccarmnoneeabi/bin/../lib/gcc/arm-none-eabi/12.3.1/thumb/v7e-m+fp/hard\libgcc.a(_aeabi_uldivmod.o)
                0x08000c34                __aeabi_uldivmod
 .text          0x08000c64        0x4 c:/.platformio/packages/toolchain-gccarmnoneeabi/bin/../lib/gcc/arm-none-eabi/12.3.1/thumb/v7e-m+fp/hard\libgcc.a(_dvmd_tls.o)
                0x08000c64                __aeabi_idiv0
                0x08000c64                __aeabi_ldiv0
 *(.text*)
 .text.__do_global_dtors_aux
                0x08000c68       0x24 c:/.platformio/packages/toolchain-gccarmnoneeabi/bin/../lib/gcc/arm-none-eabi/12.3.1/thumb/v7e-m+fp/hard/crtbegin.o
 .text.frame_dummy
                0x08000c8c       0x1c c:/.platformio/packages/toolchain-gccarmnoneeabi/bin/../lib/gcc/arm-none-eabi/12.3.1/thumb/v7e-m+fp/hard/crtbegin.o
 .text.SystemClock_Config
                0x08000ca8      0x138 .pio/build/weact_mini_h743vitx/FrameworkArduinoVariant/variant_WeActMiniH7xx.cpp.o
                0x08000ca8                SystemClock_Config
 .text.HAL_MspInit
                0x08000de0        0x2 .pio/build/weact_mini_h743vitx/SrcWrapper/src/HAL/stm32yyxx_hal.c.o
                0x08000de0                HAL_MspInit
 *fill*         0x08000de2        0x2 
 .text.HAL_InitTick
                0x08000de4       0x4c .pio/build/weact_mini_h743vitx/SrcWrapper/src/HAL/stm32yyxx_hal.c.o
                0x08000de4                HAL_InitTick
 .text.HAL_Init
                0x08000e30       0x5c .pio/build/weact_mini_h743vitx/SrcWrapper/src/HAL/stm32yyxx_hal.c.o
                0x08000e30                HAL_Init
 .text.HAL_IncTick
                0x08000e8c       0x18 .pio/build/weact_mini_h743vitx/SrcWrapper/src/HAL/stm32yyxx_hal.c.o
                0x08000e8c                HAL_IncTick
 .text.HAL_GetTick
                0x08000ea4        0xc .pio/build/weact_mini_h743vitx/SrcWrapper/src/HAL/stm32yyxx_hal.c.o
                0x08000ea4                HAL_GetTick
 .text.HAL_GetREVID
                0x08000eb0        0xc .pio/build/weact_mini_h743vitx/SrcWrapper/src/HAL/stm32yyxx_hal.c.o
                0x08000eb0                HAL_GetREVID
 .text.HAL_NVIC_SetPriorityGrouping
                0x08000ebc       0x24 .pio/build/weact_mini_h743vitx/SrcWrapper/src/HAL/stm32yyxx_hal_cortex.c.o
                0x08000ebc                HAL_NVIC_SetPriorityGrouping
 .text.HAL_NVIC_SetPriority
                0x08000ee0       0x64 .pio/build/weact_mini_h743vitx/SrcWrapper/src/HAL/stm32yyxx_hal_cortex.c.o
                0x08000ee0                HAL_NVIC_SetPriority
 .text.HAL_NVIC_EnableIRQ
                0x08000f44       0x1c .pio/build/weact_mini_h743vitx/SrcWrapper/src/HAL/stm32yyxx_hal_cortex.c.o
                0x08000f44                HAL_NVIC_EnableIRQ
 .text.HAL_NVIC_DisableIRQ
                0x08000f60       0x24 .pio/build/weact_mini_h743vitx/SrcWrapper/src/HAL/stm32yyxx_hal_cortex.c.o
                0x08000f60                HAL_NVIC_DisableIRQ
 .text.HAL_SYSTICK_Config
                0x08000f84       0x28 .pio/build/weact_mini_h743vitx/SrcWrapper/src/HAL/stm32yyxx_hal_cortex.c.o
                0x08000f84                HAL_SYSTICK_Config
 .text.HAL_NVIC_ClearPendingIRQ
                0x08000fac       0x1c .pio/build/weact_mini_h743vitx/SrcWrapper/src/HAL/stm32yyxx_hal_cortex.c.o
                0x08000fac                HAL_NVIC_ClearPendingIRQ
 .text.HAL_SYSTICK_Callback
                0x08000fc8        0x2 .pio/build/weact_mini_h743vitx/SrcWrapper/src/HAL/stm32yyxx_hal_cortex.c.o
                0x08000fc8                HAL_SYSTICK_Callback
 .text.HAL_SYSTICK_IRQHandler
                0x08000fca        0x8 .pio/build/weact_mini_h743vitx/SrcWrapper/src/HAL/stm32yyxx_hal_cortex.c.o
                0x08000fca                HAL_SYSTICK_IRQHandler
 .text.HAL_CRC_MspInit
                0x08000fd2        0x2 .pio/build/weact_mini_h743vitx/SrcWrapper/src/HAL/stm32yyxx_hal_crc.c.o
                0x08000fd2                HAL_CRC_MspInit
 .text.HAL_CRC_Init
                0x08000fd4       0x74 .pio/build/weact_mini_h743vitx/SrcWrapper/src/HAL/stm32yyxx_hal_crc.c.o
                0x08000fd4                HAL_CRC_Init
 .text.HAL_CRCEx_Polynomial_Set
                0x08001048       0x52 .pio/build/weact_mini_h743vitx/SrcWrapper/src/HAL/stm32yyxx_hal_crc_ex.c.o
                0x08001048                HAL_CRCEx_Polynomial_Set
 *fill*         0x0800109a        0x2 
 .text.DMA_SetConfig
                0x0800109c      0x200 .pio/build/weact_mini_h743vitx/SrcWrapper/src/HAL/stm32yyxx_hal_dma.c.o
 .text.DMA_CalcBaseAndBitshift
                0x0800129c       0xb4 .pio/build/weact_mini_h743vitx/SrcWrapper/src/HAL/stm32yyxx_hal_dma.c.o
 .text.DMA_CalcDMAMUXChannelBaseAndMask
                0x08001350       0x98 .pio/build/weact_mini_h743vitx/SrcWrapper/src/HAL/stm32yyxx_hal_dma.c.o
 .text.DMA_CalcDMAMUXRequestGenBaseAndMask
                0x080013e8       0x70 .pio/build/weact_mini_h743vitx/SrcWrapper/src/HAL/stm32yyxx_hal_dma.c.o
 .text.HAL_DMA_Init
                0x08001458      0x390 .pio/build/weact_mini_h743vitx/SrcWrapper/src/HAL/stm32yyxx_hal_dma.c.o
                0x08001458                HAL_DMA_Init
 .text.HAL_DMA_Start_IT
                0x080017e8      0x3ec .pio/build/weact_mini_h743vitx/SrcWrapper/src/HAL/stm32yyxx_hal_dma.c.o
                0x080017e8                HAL_DMA_Start_IT
 .text.HAL_DMA_Abort
                0x08001bd4      0x43c .pio/build/weact_mini_h743vitx/SrcWrapper/src/HAL/stm32yyxx_hal_dma.c.o
                0x08001bd4                HAL_DMA_Abort
 .text.HAL_DMA_Abort_IT
                0x08002010      0x140 .pio/build/weact_mini_h743vitx/SrcWrapper/src/HAL/stm32yyxx_hal_dma.c.o
                0x08002010                HAL_DMA_Abort_IT
 .text.HAL_GPIO_Init
                0x08002150      0x1ec .pio/build/weact_mini_h743vitx/SrcWrapper/src/HAL/stm32yyxx_hal_gpio.c.o
                0x08002150                HAL_GPIO_Init
 .text.HAL_GPIO_EXTI_IRQHandler
                0x0800233c       0x18 .pio/build/weact_mini_h743vitx/SrcWrapper/src/HAL/stm32yyxx_hal_gpio.c.o
                0x0800233c                HAL_GPIO_EXTI_IRQHandler
 .text.HAL_I2S_MspInit
                0x08002354        0x2 .pio/build/weact_mini_h743vitx/SrcWrapper/src/HAL/stm32yyxx_hal_i2s.c.o
                0x08002354                HAL_I2S_MspInit
 *fill*         0x08002356        0x2 
 .text.HAL_I2S_Init
                0x08002358      0x140 .pio/build/weact_mini_h743vitx/SrcWrapper/src/HAL/stm32yyxx_hal_i2s.c.o
                0x08002358                HAL_I2S_Init
 .text.HAL_I2SEx_TransmitReceive_DMA
                0x08002498       0xf0 .pio/build/weact_mini_h743vitx/SrcWrapper/src/HAL/stm32yyxx_hal_i2s.c.o
                0x08002498                HAL_I2SEx_TransmitReceive_DMA
 .text.HAL_I2SEx_TxRxHalfCpltCallback
                0x08002588        0x2 .pio/build/weact_mini_h743vitx/SrcWrapper/src/HAL/stm32yyxx_hal_i2s.c.o
                0x08002588                HAL_I2SEx_TxRxHalfCpltCallback
 .text.I2SEx_DMATxRxHalfCplt
                0x0800258a        0xa .pio/build/weact_mini_h743vitx/SrcWrapper/src/HAL/stm32yyxx_hal_i2s.c.o
 .text.HAL_I2SEx_TxRxCpltCallback
                0x08002594        0x2 .pio/build/weact_mini_h743vitx/SrcWrapper/src/HAL/stm32yyxx_hal_i2s.c.o
                0x08002594                HAL_I2SEx_TxRxCpltCallback
 .text.I2SEx_DMATxRxCplt
                0x08002596       0x2c .pio/build/weact_mini_h743vitx/SrcWrapper/src/HAL/stm32yyxx_hal_i2s.c.o
 .text.HAL_I2S_ErrorCallback
                0x080025c2        0x2 .pio/build/weact_mini_h743vitx/SrcWrapper/src/HAL/stm32yyxx_hal_i2s.c.o
                0x080025c2                HAL_I2S_ErrorCallback
 .text.I2S_DMAError
                0x080025c4       0x28 .pio/build/weact_mini_h743vitx/SrcWrapper/src/HAL/stm32yyxx_hal_i2s.c.o
 .text.HAL_PWR_EnableBkUpAccess
                0x080025ec       0x10 .pio/build/weact_mini_h743vitx/SrcWrapper/src/HAL/stm32yyxx_hal_pwr.c.o
                0x080025ec                HAL_PWR_EnableBkUpAccess
 .text.HAL_PWREx_ConfigSupply
                0x080025fc       0x48 .pio/build/weact_mini_h743vitx/SrcWrapper/src/HAL/stm32yyxx_hal_pwr_ex.c.o
                0x080025fc                HAL_PWREx_ConfigSupply
 .text.HAL_RCC_OscConfig
                0x08002644      0x558 .pio/build/weact_mini_h743vitx/SrcWrapper/src/HAL/stm32yyxx_hal_rcc.c.o
                0x08002644                HAL_RCC_OscConfig
 .text.HAL_RCC_GetSysClockFreq
                0x08002b9c      0x144 .pio/build/weact_mini_h743vitx/SrcWrapper/src/HAL/stm32yyxx_hal_rcc.c.o
                0x08002b9c                HAL_RCC_GetSysClockFreq
 .text.HAL_RCC_ClockConfig
                0x08002ce0      0x24c .pio/build/weact_mini_h743vitx/SrcWrapper/src/HAL/stm32yyxx_hal_rcc.c.o
                0x08002ce0                HAL_RCC_ClockConfig
 .text.HAL_RCC_GetHCLKFreq
                0x08002f2c       0x44 .pio/build/weact_mini_h743vitx/SrcWrapper/src/HAL/stm32yyxx_hal_rcc.c.o
                0x08002f2c                HAL_RCC_GetHCLKFreq
 .text.HAL_RCC_GetPCLK1Freq
                0x08002f70       0x24 .pio/build/weact_mini_h743vitx/SrcWrapper/src/HAL/stm32yyxx_hal_rcc.c.o
                0x08002f70                HAL_RCC_GetPCLK1Freq
 .text.HAL_RCC_GetPCLK2Freq
                0x08002f94       0x24 .pio/build/weact_mini_h743vitx/SrcWrapper/src/HAL/stm32yyxx_hal_rcc.c.o
                0x08002f94                HAL_RCC_GetPCLK2Freq
 .text.RCCEx_PLL2_Config
                0x08002fb8       0xf0 .pio/build/weact_mini_h743vitx/SrcWrapper/src/HAL/stm32yyxx_hal_rcc_ex.c.o
 .text.RCCEx_PLL3_Config
                0x080030a8       0xf0 .pio/build/weact_mini_h743vitx/SrcWrapper/src/HAL/stm32yyxx_hal_rcc_ex.c.o
 .text.HAL_RCCEx_PeriphCLKConfig
                0x08003198      0x9d4 .pio/build/weact_mini_h743vitx/SrcWrapper/src/HAL/stm32yyxx_hal_rcc_ex.c.o
                0x08003198                HAL_RCCEx_PeriphCLKConfig
 .text.HAL_RCCEx_GetD3PCLK1Freq
                0x08003b6c       0x24 .pio/build/weact_mini_h743vitx/SrcWrapper/src/HAL/stm32yyxx_hal_rcc_ex.c.o
                0x08003b6c                HAL_RCCEx_GetD3PCLK1Freq
 .text.HAL_RCCEx_GetPLL2ClockFreq
                0x08003b90      0x154 .pio/build/weact_mini_h743vitx/SrcWrapper/src/HAL/stm32yyxx_hal_rcc_ex.c.o
                0x08003b90                HAL_RCCEx_GetPLL2ClockFreq
 .text.HAL_RCCEx_GetPLL3ClockFreq
                0x08003ce4      0x154 .pio/build/weact_mini_h743vitx/SrcWrapper/src/HAL/stm32yyxx_hal_rcc_ex.c.o
                0x08003ce4                HAL_RCCEx_GetPLL3ClockFreq
 .text.HAL_RCCEx_GetPLL1ClockFreq
                0x08003e38      0x154 .pio/build/weact_mini_h743vitx/SrcWrapper/src/HAL/stm32yyxx_hal_rcc_ex.c.o
                0x08003e38                HAL_RCCEx_GetPLL1ClockFreq
 .text.HAL_RCCEx_GetPeriphCLKFreq
                0x08003f8c      0x2f8 .pio/build/weact_mini_h743vitx/SrcWrapper/src/HAL/stm32yyxx_hal_rcc_ex.c.o
                0x08003f8c                HAL_RCCEx_GetPeriphCLKFreq
 .text.HAL_TIM_PWM_PulseFinishedCallback
                0x08004284        0x2 .pio/build/weact_mini_h743vitx/SrcWrapper/src/HAL/stm32yyxx_hal_tim.c.o
                0x08004284                HAL_TIM_PWM_PulseFinishedCallback
 .text.HAL_TIM_TriggerCallback
                0x08004286        0x2 .pio/build/weact_mini_h743vitx/SrcWrapper/src/HAL/stm32yyxx_hal_tim.c.o
                0x08004286                HAL_TIM_TriggerCallback
 .text.HAL_TIM_IRQHandler
                0x08004288      0x140 .pio/build/weact_mini_h743vitx/SrcWrapper/src/HAL/stm32yyxx_hal_tim.c.o
                0x08004288                HAL_TIM_IRQHandler
 .text.HAL_TIMEx_CommutCallback
                0x080043c8        0x2 .pio/build/weact_mini_h743vitx/SrcWrapper/src/HAL/stm32yyxx_hal_tim_ex.c.o
                0x080043c8                HAL_TIMEx_CommutCallback
 .text.HAL_TIMEx_BreakCallback
                0x080043ca        0x2 .pio/build/weact_mini_h743vitx/SrcWrapper/src/HAL/stm32yyxx_hal_tim_ex.c.o
                0x080043ca                HAL_TIMEx_BreakCallback
 .text.HAL_TIMEx_Break2Callback
                0x080043cc        0x2 .pio/build/weact_mini_h743vitx/SrcWrapper/src/HAL/stm32yyxx_hal_tim_ex.c.o
                0x080043cc                HAL_TIMEx_Break2Callback
 *fill*         0x080043ce        0x2 
 .text.UART_EndRxTransfer
                0x080043d0       0x58 .pio/build/weact_mini_h743vitx/SrcWrapper/src/HAL/stm32yyxx_hal_uart.c.o
 .text.UART_TxISR_8BIT.part.0
                0x08004428       0x26 .pio/build/weact_mini_h743vitx/SrcWrapper/src/HAL/stm32yyxx_hal_uart.c.o
 .text.UART_TxISR_8BIT
                0x0800444e       0x30 .pio/build/weact_mini_h743vitx/SrcWrapper/src/HAL/stm32yyxx_hal_uart.c.o
 .text.UART_TxISR_16BIT
                0x0800447e       0x34 .pio/build/weact_mini_h743vitx/SrcWrapper/src/HAL/stm32yyxx_hal_uart.c.o
 .text.UART_TxISR_8BIT_FIFOEN
                0x080044b2       0x66 .pio/build/weact_mini_h743vitx/SrcWrapper/src/HAL/stm32yyxx_hal_uart.c.o
 .text.UART_TxISR_16BIT_FIFOEN
                0x08004518       0x6a .pio/build/weact_mini_h743vitx/SrcWrapper/src/HAL/stm32yyxx_hal_uart.c.o
 .text.HAL_UART_MspInit
                0x08004582        0x2 .pio/build/weact_mini_h743vitx/SrcWrapper/src/HAL/stm32yyxx_hal_uart.c.o
                0x08004582                HAL_UART_MspInit
 .text.HAL_UART_Transmit_IT
                0x08004584       0xac .pio/build/weact_mini_h743vitx/SrcWrapper/src/HAL/stm32yyxx_hal_uart.c.o
                0x08004584                HAL_UART_Transmit_IT
 .text.UART_DMAAbortOnError
                0x08004630       0x10 .pio/build/weact_mini_h743vitx/SrcWrapper/src/HAL/stm32yyxx_hal_uart.c.o
 .text.HAL_UARTEx_RxEventCallback
                0x08004640        0x2 .pio/build/weact_mini_h743vitx/SrcWrapper/src/HAL/stm32yyxx_hal_uart.c.o
                0x08004640                HAL_UARTEx_RxEventCallback
 *fill*         0x08004642        0x2 
 .text.HAL_UART_IRQHandler
                0x08004644      0x354 .pio/build/weact_mini_h743vitx/SrcWrapper/src/HAL/stm32yyxx_hal_uart.c.o
                0x08004644                HAL_UART_IRQHandler
 .text.UART_RxISR_8BIT
                0x08004998       0xcc .pio/build/weact_mini_h743vitx/SrcWrapper/src/HAL/stm32yyxx_hal_uart.c.o
 .text.UART_RxISR_16BIT
                0x08004a64       0xc4 .pio/build/weact_mini_h743vitx/SrcWrapper/src/HAL/stm32yyxx_hal_uart.c.o
 .text.UART_RxISR_8BIT_FIFOEN
                0x08004b28      0x1a0 .pio/build/weact_mini_h743vitx/SrcWrapper/src/HAL/stm32yyxx_hal_uart.c.o
 .text.UART_RxISR_16BIT_FIFOEN
                0x08004cc8      0x198 .pio/build/weact_mini_h743vitx/SrcWrapper/src/HAL/stm32yyxx_hal_uart.c.o
 .text.HAL_HalfDuplex_EnableTransmitter
                0x08004e60       0x4c .pio/build/weact_mini_h743vitx/SrcWrapper/src/HAL/stm32yyxx_hal_uart.c.o
                0x08004e60                HAL_HalfDuplex_EnableTransmitter
 .text.HAL_HalfDuplex_EnableReceiver
                0x08004eac       0x4c .pio/build/weact_mini_h743vitx/SrcWrapper/src/HAL/stm32yyxx_hal_uart.c.o
                0x08004eac                HAL_HalfDuplex_EnableReceiver
 .text.HAL_UART_GetState
                0x08004ef8        0xc .pio/build/weact_mini_h743vitx/SrcWrapper/src/HAL/stm32yyxx_hal_uart.c.o
                0x08004ef8                HAL_UART_GetState
 .text.UART_SetConfig
                0x08004f04      0x2b4 .pio/build/weact_mini_h743vitx/SrcWrapper/src/HAL/stm32yyxx_hal_uart.c.o
                0x08004f04                UART_SetConfig
 .text.UART_AdvFeatureConfig
                0x080051b8       0xaa .pio/build/weact_mini_h743vitx/SrcWrapper/src/HAL/stm32yyxx_hal_uart.c.o
                0x080051b8                UART_AdvFeatureConfig
 .text.UART_WaitOnFlagUntilTimeout
                0x08005262       0x90 .pio/build/weact_mini_h743vitx/SrcWrapper/src/HAL/stm32yyxx_hal_uart.c.o
                0x08005262                UART_WaitOnFlagUntilTimeout
 .text.UART_CheckIdleState
                0x080052f2       0xb6 .pio/build/weact_mini_h743vitx/SrcWrapper/src/HAL/stm32yyxx_hal_uart.c.o
                0x080052f2                UART_CheckIdleState
 .text.HAL_UART_Init
                0x080053a8       0x60 .pio/build/weact_mini_h743vitx/SrcWrapper/src/HAL/stm32yyxx_hal_uart.c.o
                0x080053a8                HAL_UART_Init
 .text.HAL_HalfDuplex_Init
                0x08005408       0x68 .pio/build/weact_mini_h743vitx/SrcWrapper/src/HAL/stm32yyxx_hal_uart.c.o
                0x08005408                HAL_HalfDuplex_Init
 .text.UART_Start_Receive_IT
                0x08005470      0x114 .pio/build/weact_mini_h743vitx/SrcWrapper/src/HAL/stm32yyxx_hal_uart.c.o
                0x08005470                UART_Start_Receive_IT
 .text.HAL_UART_Receive_IT
                0x08005584       0x44 .pio/build/weact_mini_h743vitx/SrcWrapper/src/HAL/stm32yyxx_hal_uart.c.o
                0x08005584                HAL_UART_Receive_IT
 .text.HAL_UARTEx_RxFifoFullCallback
                0x080055c8        0x2 .pio/build/weact_mini_h743vitx/SrcWrapper/src/HAL/stm32yyxx_hal_uart_ex.c.o
                0x080055c8                HAL_UARTEx_RxFifoFullCallback
 .text.HAL_UARTEx_TxFifoEmptyCallback
                0x080055ca        0x2 .pio/build/weact_mini_h743vitx/SrcWrapper/src/HAL/stm32yyxx_hal_uart_ex.c.o
                0x080055ca                HAL_UARTEx_TxFifoEmptyCallback
 .text.HAL_UARTEx_EnableStopMode
                0x080055cc       0x2c .pio/build/weact_mini_h743vitx/SrcWrapper/src/HAL/stm32yyxx_hal_uart_ex.c.o
                0x080055cc                HAL_UARTEx_EnableStopMode
 .text.HAL_UARTEx_DisableStopMode
                0x080055f8       0x2c .pio/build/weact_mini_h743vitx/SrcWrapper/src/HAL/stm32yyxx_hal_uart_ex.c.o
                0x080055f8                HAL_UARTEx_DisableStopMode
 .text._ZNSt14_Function_baseD2Ev
                0x08005624       0x12 .pio/build/weact_mini_h743vitx/SrcWrapper/src/HardwareTimer.cpp.o
                0x08005624                std::_Function_base::~_Function_base()
                0x08005624                std::_Function_base::~_Function_base()
 *fill*         0x08005636        0x2 
 .text.TIM1_UP_IRQHandler
                0x08005638       0x14 .pio/build/weact_mini_h743vitx/SrcWrapper/src/HardwareTimer.cpp.o
                0x08005638                TIM1_UP_IRQHandler
 .text.TIM1_CC_IRQHandler
                0x0800564c        0x4 .pio/build/weact_mini_h743vitx/SrcWrapper/src/HardwareTimer.cpp.o
                0x0800564c                TIM1_CC_IRQHandler
 .text.TIM2_IRQHandler
                0x08005650       0x14 .pio/build/weact_mini_h743vitx/SrcWrapper/src/HardwareTimer.cpp.o
                0x08005650                TIM2_IRQHandler
 .text.TIM3_IRQHandler
                0x08005664       0x14 .pio/build/weact_mini_h743vitx/SrcWrapper/src/HardwareTimer.cpp.o
                0x08005664                TIM3_IRQHandler
 .text.TIM4_IRQHandler
                0x08005678       0x14 .pio/build/weact_mini_h743vitx/SrcWrapper/src/HardwareTimer.cpp.o
                0x08005678                TIM4_IRQHandler
 .text.TIM5_IRQHandler
                0x0800568c       0x14 .pio/build/weact_mini_h743vitx/SrcWrapper/src/HardwareTimer.cpp.o
                0x0800568c                TIM5_IRQHandler
 .text.TIM6_DAC_IRQHandler
                0x080056a0       0x14 .pio/build/weact_mini_h743vitx/SrcWrapper/src/HardwareTimer.cpp.o
                0x080056a0                TIM6_DAC_IRQHandler
 .text.TIM7_IRQHandler
                0x080056b4       0x14 .pio/build/weact_mini_h743vitx/SrcWrapper/src/HardwareTimer.cpp.o
                0x080056b4                TIM7_IRQHandler
 .text.TIM8_UP_TIM13_IRQHandler
                0x080056c8       0x24 .pio/build/weact_mini_h743vitx/SrcWrapper/src/HardwareTimer.cpp.o
                0x080056c8                TIM8_UP_TIM13_IRQHandler
 .text.TIM8_CC_IRQHandler
                0x080056ec       0x14 .pio/build/weact_mini_h743vitx/SrcWrapper/src/HardwareTimer.cpp.o
                0x080056ec                TIM8_CC_IRQHandler
 .text.TIM8_BRK_TIM12_IRQHandler
                0x08005700       0x14 .pio/build/weact_mini_h743vitx/SrcWrapper/src/HardwareTimer.cpp.o
                0x08005700                TIM8_BRK_TIM12_IRQHandler
 .text.TIM8_TRG_COM_TIM14_IRQHandler
                0x08005714       0x14 .pio/build/weact_mini_h743vitx/SrcWrapper/src/HardwareTimer.cpp.o
                0x08005714                TIM8_TRG_COM_TIM14_IRQHandler
 .text.TIM15_IRQHandler
                0x08005728       0x14 .pio/build/weact_mini_h743vitx/SrcWrapper/src/HardwareTimer.cpp.o
                0x08005728                TIM15_IRQHandler
 .text.TIM16_IRQHandler
                0x0800573c       0x14 .pio/build/weact_mini_h743vitx/SrcWrapper/src/HardwareTimer.cpp.o
                0x0800573c                TIM16_IRQHandler
 .text.TIM17_IRQHandler
                0x08005750       0x14 .pio/build/weact_mini_h743vitx/SrcWrapper/src/HardwareTimer.cpp.o
                0x08005750                TIM17_IRQHandler
 .text._ZNKSt8functionIFvvEEclEv
                0x08005764       0x12 .pio/build/weact_mini_h743vitx/SrcWrapper/src/HardwareTimer.cpp.o
                0x08005764                std::function<void ()>::operator()() const
 .text._ZN13HardwareTimer14updateCallbackEP17TIM_HandleTypeDef
                0x08005776       0x18 .pio/build/weact_mini_h743vitx/SrcWrapper/src/HardwareTimer.cpp.o
                0x08005776                HardwareTimer::updateCallback(TIM_HandleTypeDef*)
 .text.HAL_TIM_PeriodElapsedCallback
                0x0800578e        0x4 .pio/build/weact_mini_h743vitx/SrcWrapper/src/HardwareTimer.cpp.o
                0x0800578e                HAL_TIM_PeriodElapsedCallback
 .text._ZN13HardwareTimer22captureCompareCallbackEP17TIM_HandleTypeDef
                0x08005792       0x3e .pio/build/weact_mini_h743vitx/SrcWrapper/src/HardwareTimer.cpp.o
                0x08005792                HardwareTimer::captureCompareCallback(TIM_HandleTypeDef*)
 .text.HAL_TIM_OC_DelayElapsedCallback
                0x080057d0        0x4 .pio/build/weact_mini_h743vitx/SrcWrapper/src/HardwareTimer.cpp.o
                0x080057d0                HAL_TIM_OC_DelayElapsedCallback
 .text.HAL_TIM_IC_CaptureCallback
                0x080057d4        0x4 .pio/build/weact_mini_h743vitx/SrcWrapper/src/HardwareTimer.cpp.o
                0x080057d4                HAL_TIM_IC_CaptureCallback
 .text._Znwj    0x080057d8        0x4 .pio/build/weact_mini_h743vitx/SrcWrapper/src/new.cpp.o
                0x080057d8                operator new(unsigned int)
 .text._ZdlPvj  0x080057dc        0x4 .pio/build/weact_mini_h743vitx/SrcWrapper/src/new.cpp.o
                0x080057dc                operator delete(void*, unsigned int)
 .text.set_GPIO_Port_Clock
                0x080057e0      0x198 .pio/build/weact_mini_h743vitx/SrcWrapper/src/stm32/PortNames.c.o
                0x080057e0                set_GPIO_Port_Clock
 .text.getCurrentMillis
                0x08005978        0x4 .pio/build/weact_mini_h743vitx/SrcWrapper/src/stm32/clock.c.o
                0x08005978                getCurrentMillis
 .text.noOsSystickHandler
                0x0800597c        0x2 .pio/build/weact_mini_h743vitx/SrcWrapper/src/stm32/clock.c.o
                0x0800597c                osSystickHandler
                0x0800597c                noOsSystickHandler
 .text.SysTick_Handler
                0x0800597e       0x10 .pio/build/weact_mini_h743vitx/SrcWrapper/src/stm32/clock.c.o
                0x0800597e                SysTick_Handler
 *fill*         0x0800598e        0x2 
 .text.enableClock
                0x08005990       0xb4 .pio/build/weact_mini_h743vitx/SrcWrapper/src/stm32/clock.c.o
                0x08005990                enableClock
 .text.configHSECapacitorTuning
                0x08005a44        0x2 .pio/build/weact_mini_h743vitx/SrcWrapper/src/stm32/clock.c.o
                0x08005a44                configHSECapacitorTuning
 *fill*         0x08005a46        0x2 
 .text.configIPClock
                0x08005a48       0x54 .pio/build/weact_mini_h743vitx/SrcWrapper/src/stm32/clock.c.o
                0x08005a48                configIPClock
 .text.dwt_access
                0x08005a9c       0x28 .pio/build/weact_mini_h743vitx/SrcWrapper/src/stm32/dwt.c.o
                0x08005a9c                dwt_access
 .text.dwt_init
                0x08005ac4       0x44 .pio/build/weact_mini_h743vitx/SrcWrapper/src/stm32/dwt.c.o
                0x08005ac4                dwt_init
 .text.hw_config_init
                0x08005b08       0x24 .pio/build/weact_mini_h743vitx/SrcWrapper/src/stm32/hw_config.c.o
                0x08005b08                hw_config_init
 .text.startup._ZNSt8functionIFvvEEC2EDn.constprop.0.isra.0
                0x08005b2c        0xc .pio/build/weact_mini_h743vitx/SrcWrapper/src/stm32/interrupt.cpp.o
 .text.HAL_GPIO_EXTI_Callback
                0x08005b38       0x2c .pio/build/weact_mini_h743vitx/SrcWrapper/src/stm32/interrupt.cpp.o
                0x08005b38                HAL_GPIO_EXTI_Callback
 .text.EXTI0_IRQHandler
                0x08005b64        0x6 .pio/build/weact_mini_h743vitx/SrcWrapper/src/stm32/interrupt.cpp.o
                0x08005b64                EXTI0_IRQHandler
 .text.EXTI1_IRQHandler
                0x08005b6a        0x6 .pio/build/weact_mini_h743vitx/SrcWrapper/src/stm32/interrupt.cpp.o
                0x08005b6a                EXTI1_IRQHandler
 .text.EXTI2_IRQHandler
                0x08005b70        0x6 .pio/build/weact_mini_h743vitx/SrcWrapper/src/stm32/interrupt.cpp.o
                0x08005b70                EXTI2_IRQHandler
 .text.EXTI3_IRQHandler
                0x08005b76        0x6 .pio/build/weact_mini_h743vitx/SrcWrapper/src/stm32/interrupt.cpp.o
                0x08005b76                EXTI3_IRQHandler
 .text.EXTI4_IRQHandler
                0x08005b7c        0x6 .pio/build/weact_mini_h743vitx/SrcWrapper/src/stm32/interrupt.cpp.o
                0x08005b7c                EXTI4_IRQHandler
 .text.EXTI9_5_IRQHandler
                0x08005b82       0x16 .pio/build/weact_mini_h743vitx/SrcWrapper/src/stm32/interrupt.cpp.o
                0x08005b82                EXTI9_5_IRQHandler
 .text.EXTI15_10_IRQHandler
                0x08005b98       0x18 .pio/build/weact_mini_h743vitx/SrcWrapper/src/stm32/interrupt.cpp.o
                0x08005b98                EXTI15_10_IRQHandler
 .text.startup._GLOBAL__sub_I__Z22stm32_interrupt_enableP12GPIO_TypeDeftSt8functionIFvvEEm
                0x08005bb0       0xd4 .pio/build/weact_mini_h743vitx/SrcWrapper/src/stm32/interrupt.cpp.o
 .text.exit._GLOBAL__sub_D__Z22stm32_interrupt_enableP12GPIO_TypeDeftSt8functionIFvvEEm
                0x08005c84       0x1c .pio/build/weact_mini_h743vitx/SrcWrapper/src/stm32/interrupt.cpp.o
 .text.configure_dualpad_switch
                0x08005ca0       0x24 .pio/build/weact_mini_h743vitx/SrcWrapper/src/stm32/pinmap.c.o
 .text.pin_function
                0x08005cc4      0x120 .pio/build/weact_mini_h743vitx/SrcWrapper/src/stm32/pinmap.c.o
                0x08005cc4                pin_function
 .text.pinmap_pinout
                0x08005de4       0x1a .pio/build/weact_mini_h743vitx/SrcWrapper/src/stm32/pinmap.c.o
                0x08005de4                pinmap_pinout
 .text.pinmap_find_peripheral
                0x08005dfe       0x16 .pio/build/weact_mini_h743vitx/SrcWrapper/src/stm32/pinmap.c.o
                0x08005dfe                pinmap_find_peripheral
 .text.pinmap_peripheral
                0x08005e14        0xc .pio/build/weact_mini_h743vitx/SrcWrapper/src/stm32/pinmap.c.o
                0x08005e14                pinmap_peripheral
 .text.pinmap_find_pin
                0x08005e20       0x16 .pio/build/weact_mini_h743vitx/SrcWrapper/src/stm32/pinmap.c.o
                0x08005e20                pinmap_find_pin
 .text.pinmap_pin
                0x08005e36        0xc .pio/build/weact_mini_h743vitx/SrcWrapper/src/stm32/pinmap.c.o
                0x08005e36                pinmap_pin
 .text.pinmap_merge_peripheral
                0x08005e42       0x14 .pio/build/weact_mini_h743vitx/SrcWrapper/src/stm32/pinmap.c.o
                0x08005e42                pinmap_merge_peripheral
 *fill*         0x08005e56        0x2 
 .text.SystemInit
                0x08005e58       0xf0 .pio/build/weact_mini_h743vitx/SrcWrapper/src/stm32/system_stm32yyxx.c.o
                0x08005e58                SystemInit
 .text.ExitRun0Mode
                0x08005f48       0x18 .pio/build/weact_mini_h743vitx/SrcWrapper/src/stm32/system_stm32yyxx.c.o
                0x08005f48                ExitRun0Mode
 .text.get_timer_obj
                0x08005f60        0x4 .pio/build/weact_mini_h743vitx/SrcWrapper/src/stm32/timer.c.o
                0x08005f60                get_timer_obj
 .text.uart_init.part.0
                0x08005f64      0x584 .pio/build/weact_mini_h743vitx/SrcWrapper/src/stm32/uart.c.o
 .text.uart_init
                0x080064e8       0x16 .pio/build/weact_mini_h743vitx/SrcWrapper/src/stm32/uart.c.o
                0x080064e8                uart_init
 *fill*         0x080064fe        0x2 
 .text.serial_rx_active
                0x08006500       0x24 .pio/build/weact_mini_h743vitx/SrcWrapper/src/stm32/uart.c.o
                0x08006500                serial_rx_active
 .text.serial_tx_active
                0x08006524       0x24 .pio/build/weact_mini_h743vitx/SrcWrapper/src/stm32/uart.c.o
                0x08006524                serial_tx_active
 .text.uart_getc
                0x08006548       0x38 .pio/build/weact_mini_h743vitx/SrcWrapper/src/stm32/uart.c.o
                0x08006548                uart_getc
 .text.uart_attach_rx_callback
                0x08006580       0x40 .pio/build/weact_mini_h743vitx/SrcWrapper/src/stm32/uart.c.o
                0x08006580                uart_attach_rx_callback
 .text.uart_attach_tx_callback
                0x080065c0       0x44 .pio/build/weact_mini_h743vitx/SrcWrapper/src/stm32/uart.c.o
                0x080065c0                uart_attach_tx_callback
 .text.uart_enable_tx
                0x08006604       0x20 .pio/build/weact_mini_h743vitx/SrcWrapper/src/stm32/uart.c.o
                0x08006604                uart_enable_tx
 .text.uart_enable_rx
                0x08006624       0x20 .pio/build/weact_mini_h743vitx/SrcWrapper/src/stm32/uart.c.o
                0x08006624                uart_enable_rx
 .text.HAL_UART_RxCpltCallback
                0x08006644        0x8 .pio/build/weact_mini_h743vitx/SrcWrapper/src/stm32/uart.c.o
                0x08006644                HAL_UART_RxCpltCallback
 .text.HAL_UART_TxCpltCallback
                0x0800664c        0x8 .pio/build/weact_mini_h743vitx/SrcWrapper/src/stm32/uart.c.o
                0x0800664c                HAL_UART_TxCpltCallback
 .text.HAL_UART_ErrorCallback
                0x08006654       0x48 .pio/build/weact_mini_h743vitx/SrcWrapper/src/stm32/uart.c.o
                0x08006654                HAL_UART_ErrorCallback
 .text.USART1_IRQHandler
                0x0800669c       0x18 .pio/build/weact_mini_h743vitx/SrcWrapper/src/stm32/uart.c.o
                0x0800669c                USART1_IRQHandler
 .text.USART2_IRQHandler
                0x080066b4       0x1c .pio/build/weact_mini_h743vitx/SrcWrapper/src/stm32/uart.c.o
                0x080066b4                USART2_IRQHandler
 .text.USART3_IRQHandler
                0x080066d0       0x1c .pio/build/weact_mini_h743vitx/SrcWrapper/src/stm32/uart.c.o
                0x080066d0                USART3_IRQHandler
 .text.UART4_IRQHandler
                0x080066ec       0x18 .pio/build/weact_mini_h743vitx/SrcWrapper/src/stm32/uart.c.o
                0x080066ec                UART4_IRQHandler
 .text.UART5_IRQHandler
                0x08006704       0x18 .pio/build/weact_mini_h743vitx/SrcWrapper/src/stm32/uart.c.o
                0x08006704                UART5_IRQHandler
 .text.USART6_IRQHandler
                0x0800671c       0x18 .pio/build/weact_mini_h743vitx/SrcWrapper/src/stm32/uart.c.o
                0x0800671c                USART6_IRQHandler
 .text.LPUART1_IRQHandler
                0x08006734       0x18 .pio/build/weact_mini_h743vitx/SrcWrapper/src/stm32/uart.c.o
                0x08006734                LPUART1_IRQHandler
 .text.UART7_IRQHandler
                0x0800674c       0x18 .pio/build/weact_mini_h743vitx/SrcWrapper/src/stm32/uart.c.o
                0x0800674c                UART7_IRQHandler
 .text.UART8_IRQHandler
                0x08006764       0x18 .pio/build/weact_mini_h743vitx/SrcWrapper/src/stm32/uart.c.o
                0x08006764                UART8_IRQHandler
 .text.HAL_UARTEx_WakeupCallback
                0x0800677c        0xa .pio/build/weact_mini_h743vitx/SrcWrapper/src/stm32/uart.c.o
                0x0800677c                HAL_UARTEx_WakeupCallback
 *fill*         0x08006786        0x2 
 .text._sbrk    0x08006788       0x3c .pio/build/weact_mini_h743vitx/SrcWrapper/src/syscalls.c.o
                0x08006788                _sbrk
 .text._exit    0x080067c4        0x2 .pio/build/weact_mini_h743vitx/SrcWrapper/src/syscalls.c.o
                0x080067c4                _exit
 *fill*         0x080067c6        0x2 
 .text._kill    0x080067c8       0x10 .pio/build/weact_mini_h743vitx/SrcWrapper/src/syscalls.c.o
                0x080067c8                _kill
 .text._getpid  0x080067d8        0x4 .pio/build/weact_mini_h743vitx/SrcWrapper/src/syscalls.c.o
                0x080067d8                _getpid
 .text._ZN15OctaveGenerator10centerFreqEi
                0x080067dc       0x38 .pio/build/weact_mini_h743vitx/src/main.cpp.o
                0x080067dc                OctaveGenerator::centerFreq(int)
 .text._Z9InitAudiov
                0x08006814      0x128 .pio/build/weact_mini_h743vitx/src/main.cpp.o
                0x08006814                InitAudio()
 .text._Z7InitI2Sv
                0x0800693c      0x180 .pio/build/weact_mini_h743vitx/src/main.cpp.o
                0x0800693c                InitI2S()
 .text.setup    0x08006abc       0x20 .pio/build/weact_mini_h743vitx/src/main.cpp.o
                0x08006abc                setup
 .text.loop     0x08006adc        0x2 .pio/build/weact_mini_h743vitx/src/main.cpp.o
                0x08006adc                loop
 *fill*         0x08006ade        0x2 
 .text._ZN10RingBufferIfEC2Ej
                0x08006ae0       0x70 .pio/build/weact_mini_h743vitx/src/main.cpp.o
                0x08006ae0                RingBuffer<float>::RingBuffer(unsigned int)
                0x08006ae0                RingBuffer<float>::RingBuffer(unsigned int)
 .text._ZStmlIdESt7complexIT_ERKS2_RKS1_
                0x08006b50       0x3a .pio/build/weact_mini_h743vitx/src/main.cpp.o
                0x08006b50                std::complex<double> std::operator*<double>(std::complex<double> const&, double const&)
 .text._ZSt3expIdESt7complexIT_ERKS2_
                0x08006b8a       0x30 .pio/build/weact_mini_h743vitx/src/main.cpp.o
                0x08006b8a                std::complex<double> std::exp<double>(std::complex<double> const&)
 .text._ZStdvIdESt7complexIT_ERKS2_RKS1_
                0x08006bba       0x3a .pio/build/weact_mini_h743vitx/src/main.cpp.o
                0x08006bba                std::complex<double> std::operator/<double>(std::complex<double> const&, double const&)
 *fill*         0x08006bf4        0x4 
 .text._ZN11BandShifterC2Efff
                0x08006bf8      0x2d4 .pio/build/weact_mini_h743vitx/src/main.cpp.o
                0x08006bf8                BandShifter::BandShifter(float, float, float)
                0x08006bf8                BandShifter::BandShifter(float, float, float)
 .text._ZNSt6vectorI11BandShifterSaIS0_EE17_M_realloc_insertIJRKfRfS5_EEEvN9__gnu_cxx17__normal_iteratorIPS0_S2_EEDpOT_
                0x08006ecc      0x110 .pio/build/weact_mini_h743vitx/src/main.cpp.o
                0x08006ecc                void std::vector<BandShifter, std::allocator<BandShifter> >::_M_realloc_insert<float const&, float&, float const&>(__gnu_cxx::__normal_iterator<BandShifter*, std::vector<BandShifter, std::allocator<BandShifter> > >, float const&, float&, float const&)
 .text._ZN15OctaveGeneratorC2Ef
                0x08006fdc       0x9e .pio/build/weact_mini_h743vitx/src/main.cpp.o
                0x08006fdc                OctaveGenerator::OctaveGenerator(float)
                0x08006fdc                OctaveGenerator::OctaveGenerator(float)
 .text._ZNSt12_Vector_baseIfSaIfEED2Ev
                0x0800707a       0x14 .pio/build/weact_mini_h743vitx/src/main.cpp.o
                0x0800707a                std::_Vector_base<float, std::allocator<float> >::~_Vector_base()
                0x0800707a                std::_Vector_base<float, std::allocator<float> >::~_Vector_base()
 *fill*         0x0800708e        0x2 
 .text.startup._GLOBAL__sub_I_buf_predelay
                0x08007090       0x60 .pio/build/weact_mini_h743vitx/src/main.cpp.o
 .text.exit._GLOBAL__sub_D_buf_predelay
                0x080070f0       0x40 .pio/build/weact_mini_h743vitx/src/main.cpp.o
 .text._ZN7daisysp5ATone4InitEf
                0x08007130       0x18 .pio/build/weact_mini_h743vitx/libaa3/libDaisySP.a(atone.cpp.o)
                0x08007130                daisysp::ATone::Init(float)
 .text._ZN7daisysp5ATone21CalculateCoefficientsEv
                0x08007148       0x48 .pio/build/weact_mini_h743vitx/libaa3/libDaisySP.a(atone.cpp.o)
                0x08007148                daisysp::ATone::CalculateCoefficients()
 .text._ZN7daisysp4Tone4InitEf
                0x08007190       0x1c .pio/build/weact_mini_h743vitx/libaa3/libDaisySP.a(tone.cpp.o)
                0x08007190                daisysp::Tone::Init(float)
 .text._ZN7daisysp4Tone21CalculateCoefficientsEv
                0x080071ac       0x54 .pio/build/weact_mini_h743vitx/libaa3/libDaisySP.a(tone.cpp.o)
                0x080071ac                daisysp::Tone::CalculateCoefficients()
 .text._ZN7daisysp8SoftClipEf
                0x08007200       0x4a .pio/build/weact_mini_h743vitx/libaa3/libDaisySP.a(overdrive.cpp.o)
                0x08007200                daisysp::SoftClip(float)
 *fill*         0x0800724a        0x2 
 .text._ZN7daisysp9Overdrive8SetDriveEf
                0x0800724c       0x7c .pio/build/weact_mini_h743vitx/libaa3/libDaisySP.a(overdrive.cpp.o)
                0x0800724c                daisysp::Overdrive::SetDrive(float)
 .text._ZN7daisysp9Overdrive4InitEv
                0x080072c8        0x8 .pio/build/weact_mini_h743vitx/libaa3/libDaisySP.a(overdrive.cpp.o)
                0x080072c8                daisysp::Overdrive::Init()
 .text._ZN11InterpDelayC2Ev
                0x080072d0       0x2e .pio/build/weact_mini_h743vitx/lib010/libDattorro.a(Dattorro.cpp.o)
                0x080072d0                InterpDelay::InterpDelay()
                0x080072d0                InterpDelay::InterpDelay()
 *fill*         0x080072fe        0x2 
 .text._ZN11InterpDelay12setDelayTimeEf
                0x08007300       0x44 .pio/build/weact_mini_h743vitx/lib010/libDattorro.a(Dattorro.cpp.o)
                0x08007300                InterpDelay::setDelayTime(float)
 .text._ZN11InterpDelay5clearEv
                0x08007344       0x22 .pio/build/weact_mini_h743vitx/lib010/libDattorro.a(Dattorro.cpp.o)
                0x08007344                InterpDelay::clear()
 .text._ZN13AllpassFilterC2Ev
                0x08007366       0x12 .pio/build/weact_mini_h743vitx/lib010/libDattorro.a(Dattorro.cpp.o)
                0x08007366                AllpassFilter::AllpassFilter()
                0x08007366                AllpassFilter::AllpassFilter()
 .text._ZN13AllpassFilter5clearEv
                0x08007378       0x18 .pio/build/weact_mini_h743vitx/lib010/libDattorro.a(Dattorro.cpp.o)
                0x08007378                AllpassFilter::clear()
 .text._ZN13AllpassFilter4InitEPfj
                0x08007390       0x22 .pio/build/weact_mini_h743vitx/lib010/libDattorro.a(Dattorro.cpp.o)
                0x08007390                AllpassFilter::Init(float*, unsigned int)
 *fill*         0x080073b2        0x2 
 .text._ZN15OnePoleLPFilter13setCutoffFreqEf
                0x080073b4       0x38 .pio/build/weact_mini_h743vitx/lib010/libDattorro.a(Dattorro.cpp.o)
                0x080073b4                OnePoleLPFilter::setCutoffFreq(float)
 *fill*         0x080073ec        0x4 
 .text._ZN15OnePoleLPFilter13setSampleRateEf
                0x080073f0       0x70 .pio/build/weact_mini_h743vitx/lib010/libDattorro.a(Dattorro.cpp.o)
                0x080073f0                OnePoleLPFilter::setSampleRate(float)
 .text._ZN15OnePoleLPFilterC2Eff
                0x08007460       0x4c .pio/build/weact_mini_h743vitx/lib010/libDattorro.a(Dattorro.cpp.o)
                0x08007460                OnePoleLPFilter::OnePoleLPFilter(float, float)
                0x08007460                OnePoleLPFilter::OnePoleLPFilter(float, float)
 .text._ZN15OnePoleHPFilter5clearEv
                0x080074ac       0x10 .pio/build/weact_mini_h743vitx/lib010/libDattorro.a(Dattorro.cpp.o)
                0x080074ac                OnePoleHPFilter::clear()
 .text._ZN15OnePoleHPFilter13setCutoffFreqEf
                0x080074bc       0x5c .pio/build/weact_mini_h743vitx/lib010/libDattorro.a(Dattorro.cpp.o)
                0x080074bc                OnePoleHPFilter::setCutoffFreq(float)
 .text._ZN15OnePoleHPFilter13setSampleRateEf
                0x08007518       0x78 .pio/build/weact_mini_h743vitx/lib010/libDattorro.a(Dattorro.cpp.o)
                0x08007518                OnePoleHPFilter::setSampleRate(float)
 .text._ZN15OnePoleHPFilterC2Eff
                0x08007590       0x5c .pio/build/weact_mini_h743vitx/lib010/libDattorro.a(Dattorro.cpp.o)
                0x08007590                OnePoleHPFilter::OnePoleHPFilter(float, float)
                0x08007590                OnePoleHPFilter::OnePoleHPFilter(float, float)
 .text._ZN9TriSawLFO12setFrequencyERKd
                0x080075ec       0x2c .pio/build/weact_mini_h743vitx/lib010/libDattorro.a(Dattorro.cpp.o)
                0x080075ec                TriSawLFO::setFrequency(double const&)
 .text._ZN9TriSawLFO11setRevPointERKd
                0x08007618       0x80 .pio/build/weact_mini_h743vitx/lib010/libDattorro.a(Dattorro.cpp.o)
                0x08007618                TriSawLFO::setRevPoint(double const&)
 .text._ZN9TriSawLFOC2Edd
                0x08007698       0x5c .pio/build/weact_mini_h743vitx/lib010/libDattorro.a(Dattorro.cpp.o)
                0x08007698                TriSawLFO::TriSawLFO(double, double)
                0x08007698                TriSawLFO::TriSawLFO(double, double)
 *fill*         0x080076f4        0x4 
 .text._ZN16Dattorro1997TankC2Efff
                0x080076f8      0x2ec .pio/build/weact_mini_h743vitx/lib010/libDattorro.a(Dattorro.cpp.o)
                0x080076f8                Dattorro1997Tank::Dattorro1997Tank(float, float, float)
                0x080076f8                Dattorro1997Tank::Dattorro1997Tank(float, float, float)
 *fill*         0x080079e4        0x4 
 .text._ZN16Dattorro1997Tank12setTimeScaleEf
                0x080079e8      0x1d0 .pio/build/weact_mini_h743vitx/lib010/libDattorro.a(Dattorro.cpp.o)
                0x080079e8                Dattorro1997Tank::setTimeScale(float)
 .text._ZN16Dattorro1997Tank15rescaleTapTimesEv
                0x08007bb8       0x24 .pio/build/weact_mini_h743vitx/lib010/libDattorro.a(Dattorro.cpp.o)
                0x08007bb8                Dattorro1997Tank::rescaleTapTimes()
 .text._ZN16Dattorro1997Tank13setSampleRateEf
                0x08007bdc       0x7c .pio/build/weact_mini_h743vitx/lib010/libDattorro.a(Dattorro.cpp.o)
                0x08007bdc                Dattorro1997Tank::setSampleRate(float)
 .text._ZN16Dattorro1997Tank4InitERK19DattorroTankBuffers
                0x08007c58       0xc4 .pio/build/weact_mini_h743vitx/lib010/libDattorro.a(Dattorro.cpp.o)
                0x08007c58                Dattorro1997Tank::Init(DattorroTankBuffers const&)
 .text._ZN8DattorroC2Efff
                0x08007d1c      0x1a0 .pio/build/weact_mini_h743vitx/lib010/libDattorro.a(Dattorro.cpp.o)
                0x08007d1c                Dattorro::Dattorro(float, float, float)
                0x08007d1c                Dattorro::Dattorro(float, float, float)
 .text._ZN8Dattorro11setPreDelayEf
                0x08007ebc       0x4c .pio/build/weact_mini_h743vitx/lib010/libDattorro.a(Dattorro.cpp.o)
                0x08007ebc                Dattorro::setPreDelay(float)
 .text._ZN8Dattorro13setSampleRateEf
                0x08007f08       0xb8 .pio/build/weact_mini_h743vitx/lib010/libDattorro.a(Dattorro.cpp.o)
                0x08007f08                Dattorro::setSampleRate(float)
 .text._ZN8Dattorro4InitERK15DattorroBuffers
                0x08007fc0       0x70 .pio/build/weact_mini_h743vitx/lib010/libDattorro.a(Dattorro.cpp.o)
                0x08007fc0                Dattorro::Init(DattorroBuffers const&)
 .text._ZN14HardwareSerial9availableEv
                0x08008030       0x10 .pio/build/weact_mini_h743vitx/libFrameworkArduino.a(HardwareSerial.cpp.o)
                0x08008030                HardwareSerial::available()
 .text._ZN14HardwareSerial4peekEv
                0x08008040       0x1a .pio/build/weact_mini_h743vitx/libFrameworkArduino.a(HardwareSerial.cpp.o)
                0x08008040                HardwareSerial::peek()
 .text._ZN14HardwareSerial17availableForWriteEv
                0x0800805a       0x1c .pio/build/weact_mini_h743vitx/libFrameworkArduino.a(HardwareSerial.cpp.o)
                0x0800805a                HardwareSerial::availableForWrite()
 .text._ZN14HardwareSerial5writeEh
                0x08008076       0x18 .pio/build/weact_mini_h743vitx/libFrameworkArduino.a(HardwareSerial.cpp.o)
                0x08008076                HardwareSerial::write(unsigned char)
 .text._ZN14HardwareSerial16_rx_complete_irqEP8serial_s
                0x0800808e       0x38 .pio/build/weact_mini_h743vitx/libFrameworkArduino.a(HardwareSerial.cpp.o)
                0x0800808e                HardwareSerial::_rx_complete_irq(serial_s*)
 *fill*         0x080080c6        0x2 
 .text._ZN14HardwareSerial16_tx_complete_irqEP8serial_s
                0x080080c8       0x64 .pio/build/weact_mini_h743vitx/libFrameworkArduino.a(HardwareSerial.cpp.o)
                0x080080c8                HardwareSerial::_tx_complete_irq(serial_s*)
 .text._ZN14HardwareSerial5writeEPKhj
                0x0800812c       0xe4 .pio/build/weact_mini_h743vitx/libFrameworkArduino.a(HardwareSerial.cpp.o)
                0x0800812c                HardwareSerial::write(unsigned char const*, unsigned int)
 .text._ZN14HardwareSerial4initE7PinNameS0_S0_S0_
                0x08008210       0x32 .pio/build/weact_mini_h743vitx/libFrameworkArduino.a(HardwareSerial.cpp.o)
                0x08008210                HardwareSerial::init(PinName, PinName, PinName, PinName)
 *fill*         0x08008242        0x2 
 .text._ZN14HardwareSerialC2EPv16HalfDuplexMode_t
                0x08008244       0x80 .pio/build/weact_mini_h743vitx/libFrameworkArduino.a(HardwareSerial.cpp.o)
                0x08008244                HardwareSerial::HardwareSerial(void*, HalfDuplexMode_t)
                0x08008244                HardwareSerial::HardwareSerial(void*, HalfDuplexMode_t)
 .text._ZN14HardwareSerial5flushEm
                0x080082c4       0x36 .pio/build/weact_mini_h743vitx/libFrameworkArduino.a(HardwareSerial.cpp.o)
                0x080082c4                HardwareSerial::flush(unsigned long)
 .text._ZN14HardwareSerial5flushEv
                0x080082fa        0x6 .pio/build/weact_mini_h743vitx/libFrameworkArduino.a(HardwareSerial.cpp.o)
                0x080082fa                HardwareSerial::flush()
 .text._ZN14HardwareSerial18enableHalfDuplexRxEv
                0x08008300       0x2c .pio/build/weact_mini_h743vitx/libFrameworkArduino.a(HardwareSerial.cpp.o)
                0x08008300                HardwareSerial::enableHalfDuplexRx()
 .text._ZN14HardwareSerial5beginEmh
                0x0800832c       0x7c .pio/build/weact_mini_h743vitx/libFrameworkArduino.a(HardwareSerial.cpp.o)
                0x0800832c                HardwareSerial::begin(unsigned long, unsigned char)
 .text._ZN14HardwareSerial4readEv
                0x080083a8       0x2e .pio/build/weact_mini_h743vitx/libFrameworkArduino.a(HardwareSerial.cpp.o)
                0x080083a8                HardwareSerial::read()
 *fill*         0x080083d6        0x2 
 .text.startup._GLOBAL__sub_I_SerialLP1
                0x080083d8       0x14 .pio/build/weact_mini_h743vitx/libFrameworkArduino.a(HardwareSerial.cpp.o)
 .text._ZN6Stream9timedReadEv
                0x080083ec       0x2a .pio/build/weact_mini_h743vitx/libFrameworkArduino.a(Stream.cpp.o)
                0x080083ec                Stream::timedRead()
 .text._ZN6Stream9readBytesEPcj
                0x08008416       0x22 .pio/build/weact_mini_h743vitx/libFrameworkArduino.a(Stream.cpp.o)
                0x08008416                Stream::readBytes(char*, unsigned int)
 .text._ZN6Stream14readBytesUntilEcPcj
                0x08008438       0x30 .pio/build/weact_mini_h743vitx/libFrameworkArduino.a(Stream.cpp.o)
                0x08008438                Stream::readBytesUntil(char, char*, unsigned int)
 .text.startup._Z7premainv
                0x08008468       0x94 .pio/build/weact_mini_h743vitx/libFrameworkArduino.a(main.cpp.o)
                0x08008468                premain()
 .text.startup.main
                0x080084fc       0x14 .pio/build/weact_mini_h743vitx/libFrameworkArduino.a(main.cpp.o)
                0x080084fc                main
 .text.Reset_Handler
                0x08008510       0x54 .pio/build/weact_mini_h743vitx/libFrameworkArduino.a(startup_stm32yyxx.S.o)
                0x08008510                Reset_Handler
 .text.Default_Handler
                0x08008564        0x2 .pio/build/weact_mini_h743vitx/libFrameworkArduino.a(startup_stm32yyxx.S.o)
                0x08008564                RTC_Alarm_IRQHandler
                0x08008564                HRTIM1_Master_IRQHandler
                0x08008564                DebugMon_Handler
                0x08008564                SPI4_IRQHandler
                0x08008564                BDMA_Channel6_IRQHandler
                0x08008564                DMA2_Stream5_IRQHandler
                0x08008564                HardFault_Handler
                0x08008564                HRTIM1_FLT_IRQHandler
                0x08008564                JPEG_IRQHandler
                0x08008564                DMA1_Stream5_IRQHandler
                0x08008564                BDMA_Channel1_IRQHandler
                0x08008564                HRTIM1_TIMD_IRQHandler
                0x08008564                TAMP_STAMP_IRQHandler
                0x08008564                PendSV_Handler
                0x08008564                NMI_Handler
                0x08008564                LPTIM4_IRQHandler
                0x08008564                LPTIM2_IRQHandler
                0x08008564                DFSDM1_FLT1_IRQHandler
                0x08008564                DMAMUX2_OVR_IRQHandler
                0x08008564                I2C3_ER_IRQHandler
                0x08008564                DFSDM1_FLT2_IRQHandler
                0x08008564                MDMA_IRQHandler
                0x08008564                LPTIM3_IRQHandler
                0x08008564                HSEM1_IRQHandler
                0x08008564                I2C2_EV_IRQHandler
                0x08008564                DMA1_Stream2_IRQHandler
                0x08008564                FPU_IRQHandler
                0x08008564                OTG_HS_WKUP_IRQHandler
                0x08008564                FDCAN1_IT1_IRQHandler
                0x08008564                UsageFault_Handler
                0x08008564                LTDC_ER_IRQHandler
                0x08008564                DMA2_Stream2_IRQHandler
                0x08008564                HRTIM1_TIME_IRQHandler
                0x08008564                SPI1_IRQHandler
                0x08008564                DCMI_IRQHandler
                0x08008564                HRTIM1_TIMC_IRQHandler
                0x08008564                DMA2_Stream3_IRQHandler
                0x08008564                SAI2_IRQHandler
                0x08008564                DFSDM1_FLT3_IRQHandler
                0x08008564                BDMA_Channel7_IRQHandler
                0x08008564                LPTIM5_IRQHandler
                0x08008564                ADC3_IRQHandler
                0x08008564                DMA2_Stream0_IRQHandler
                0x08008564                BDMA_Channel2_IRQHandler
                0x08008564                QUADSPI_IRQHandler
                0x08008564                I2C1_EV_IRQHandler
                0x08008564                DMA1_Stream6_IRQHandler
                0x08008564                DMAMUX1_OVR_IRQHandler
                0x08008564                DMA1_Stream1_IRQHandler
                0x08008564                BDMA_Channel5_IRQHandler
                0x08008564                RCC_IRQHandler
                0x08008564                TIM1_TRG_COM_IRQHandler
                0x08008564                Default_Handler
                0x08008564                ECC_IRQHandler
                0x08008564                CEC_IRQHandler
                0x08008564                BDMA_Channel0_IRQHandler
                0x08008564                ADC_IRQHandler
                0x08008564                DMA1_Stream7_IRQHandler
                0x08008564                HRTIM1_TIMA_IRQHandler
                0x08008564                SPI5_IRQHandler
                0x08008564                SDMMC1_IRQHandler
                0x08008564                DMA2_Stream7_IRQHandler
                0x08008564                PVD_AVD_IRQHandler
                0x08008564                I2C3_EV_IRQHandler
                0x08008564                RTC_WKUP_IRQHandler
                0x08008564                LTDC_IRQHandler
                0x08008564                SAI3_IRQHandler
                0x08008564                ETH_WKUP_IRQHandler
                0x08008564                SPDIF_RX_IRQHandler
                0x08008564                SPI2_IRQHandler
                0x08008564                OTG_HS_EP1_IN_IRQHandler
                0x08008564                MemManage_Handler
                0x08008564                DMA1_Stream0_IRQHandler
                0x08008564                SVC_Handler
                0x08008564                CRS_IRQHandler
                0x08008564                RNG_IRQHandler
                0x08008564                HRTIM1_TIMB_IRQHandler
                0x08008564                FDCAN2_IT1_IRQHandler
                0x08008564                ETH_IRQHandler
                0x08008564                BDMA_Channel4_IRQHandler
                0x08008564                OTG_HS_EP1_OUT_IRQHandler
                0x08008564                WWDG_IRQHandler
                0x08008564                SPI6_IRQHandler
                0x08008564                MDIOS_IRQHandler
                0x08008564                I2C4_EV_IRQHandler
                0x08008564                FDCAN2_IT0_IRQHandler
                0x08008564                FDCAN1_IT0_IRQHandler
                0x08008564                OTG_FS_WKUP_IRQHandler
                0x08008564                OTG_HS_IRQHandler
                0x08008564                DMA2D_IRQHandler
                0x08008564                TIM1_BRK_IRQHandler
                0x08008564                SDMMC2_IRQHandler
                0x08008564                OTG_FS_EP1_OUT_IRQHandler
                0x08008564                BDMA_Channel3_IRQHandler
                0x08008564                MDIOS_WKUP_IRQHandler
                0x08008564                DFSDM1_FLT0_IRQHandler
                0x08008564                SAI4_IRQHandler
                0x08008564                I2C2_ER_IRQHandler
                0x08008564                DMA2_Stream1_IRQHandler
                0x08008564                FLASH_IRQHandler
                0x08008564                DMA2_Stream4_IRQHandler
                0x08008564                BusFault_Handler
                0x08008564                OTG_FS_IRQHandler
                0x08008564                SPI3_IRQHandler
                0x08008564                WAKEUP_PIN_IRQHandler
                0x08008564                DMA1_Stream4_IRQHandler
                0x08008564                OTG_FS_EP1_IN_IRQHandler
                0x08008564                I2C1_ER_IRQHandler
                0x08008564                FMC_IRQHandler
                0x08008564                FDCAN_CAL_IRQHandler
                0x08008564                SWPMI1_IRQHandler
                0x08008564                COMP1_IRQHandler
                0x08008564                LPTIM1_IRQHandler
                0x08008564                I2C4_ER_IRQHandler
                0x08008564                DMA2_Stream6_IRQHandler
                0x08008564                SAI1_IRQHandler
                0x08008564                DMA1_Stream3_IRQHandler
 .text.millis   0x08008566        0x4 .pio/build/weact_mini_h743vitx/libFrameworkArduino.a(wiring_time.c.o)
                0x08008566                millis
 *fill*         0x0800856a        0x2 
 .text._Z14serialEventRunv
                0x0800856c       0x1c .pio/build/weact_mini_h743vitx/libFrameworkArduino.a(WSerial.cpp.o)
                0x0800856c                serialEventRun()
 .text.init     0x08008588        0x4 .pio/build/weact_mini_h743vitx/libFrameworkArduino.a(board.c.o)
                0x08008588                init
 .text.__udivmoddi4
                0x0800858c      0x2bc c:/.platformio/packages/toolchain-gccarmnoneeabi/bin/../lib/gcc/arm-none-eabi/12.3.1/thumb/v7e-m+fp/hard\libgcc.a(_udivmoddi4.o)
                0x0800858c                __udivmoddi4
 .text.unlikely._ZSt20__throw_length_errorPKc
                0x08008848        0x6 c:/.platformio/packages/toolchain-gccarmnoneeabi/bin/../lib/gcc/arm-none-eabi/12.3.1/../../../../arm-none-eabi/lib/thumb/v7e-m+fp/hard\libstdc++_nano.a(functexcept.o)
                0x08008848                std::__throw_length_error(char const*)
 .text.unlikely._ZSt25__throw_bad_function_callv
                0x0800884e        0x6 c:/.platformio/packages/toolchain-gccarmnoneeabi/bin/../lib/gcc/arm-none-eabi/12.3.1/../../../../arm-none-eabi/lib/thumb/v7e-m+fp/hard\libstdc++_nano.a(functional.o)
                0x0800884e                std::__throw_bad_function_call()
 *fill*         0x08008854        0x4 
 .text.cos      0x08008858       0x88 c:/.platformio/packages/toolchain-gccarmnoneeabi/bin/../lib/gcc/arm-none-eabi/12.3.1/../../../../arm-none-eabi/lib/thumb/v7e-m+fp/hard\libm.a(libm_a-s_cos.o)
                0x08008858                cos
 .text.sin      0x080088e0       0x90 c:/.platformio/packages/toolchain-gccarmnoneeabi/bin/../lib/gcc/arm-none-eabi/12.3.1/../../../../arm-none-eabi/lib/thumb/v7e-m+fp/hard\libm.a(libm_a-s_sin.o)
                0x080088e0                sin
 .text.expf     0x08008970       0x78 c:/.platformio/packages/toolchain-gccarmnoneeabi/bin/../lib/gcc/arm-none-eabi/12.3.1/../../../../arm-none-eabi/lib/thumb/v7e-m+fp/hard\libm.a(libm_a-wf_exp.o)
                0x08008970                expf
 .text.powf     0x080089e8       0xbc c:/.platformio/packages/toolchain-gccarmnoneeabi/bin/../lib/gcc/arm-none-eabi/12.3.1/../../../../arm-none-eabi/lib/thumb/v7e-m+fp/hard\libm.a(libm_a-wf_pow.o)
                0x080089e8                powf
 .text.sqrtf    0x08008aa4       0x44 c:/.platformio/packages/toolchain-gccarmnoneeabi/bin/../lib/gcc/arm-none-eabi/12.3.1/../../../../arm-none-eabi/lib/thumb/v7e-m+fp/hard\libm.a(libm_a-wf_sqrt.o)
                0x08008aa4                sqrtf
 .text.cosf     0x08008ae8       0x70 c:/.platformio/packages/toolchain-gccarmnoneeabi/bin/../lib/gcc/arm-none-eabi/12.3.1/../../../../arm-none-eabi/lib/thumb/v7e-m+fp/hard\libm.a(libm_a-sf_cos.o)
                0x08008ae8                cosf
 .text.finite   0x08008b58       0x18 c:/.platformio/packages/toolchain-gccarmnoneeabi/bin/../lib/gcc/arm-none-eabi/12.3.1/../../../../arm-none-eabi/lib/thumb/v7e-m+fp/hard\libm.a(libm_a-s_finite.o)
                0x08008b58                finite
 .text.finitef  0x08008b70       0x14 c:/.platformio/packages/toolchain-gccarmnoneeabi/bin/../lib/gcc/arm-none-eabi/12.3.1/../../../../arm-none-eabi/lib/thumb/v7e-m+fp/hard\libm.a(libm_a-sf_finite.o)
                0x08008b70                finitef
 .text.cexp     0x08008b84       0xb8 c:/.platformio/packages/toolchain-gccarmnoneeabi/bin/../lib/gcc/arm-none-eabi/12.3.1/../../../../arm-none-eabi/lib/thumb/v7e-m+fp/hard\libm.a(libm_a-cexp.o)
                0x08008b84                cexp
 .text.cimag    0x08008c3c        0xc c:/.platformio/packages/toolchain-gccarmnoneeabi/bin/../lib/gcc/arm-none-eabi/12.3.1/../../../../arm-none-eabi/lib/thumb/v7e-m+fp/hard\libm.a(libm_a-cimag.o)
                0x08008c3c                cimag
 .text.creal    0x08008c48        0x4 c:/.platformio/packages/toolchain-gccarmnoneeabi/bin/../lib/gcc/arm-none-eabi/12.3.1/../../../../arm-none-eabi/lib/thumb/v7e-m+fp/hard\libm.a(libm_a-creal.o)
                0x08008c48                creal
 .text.__ieee754_sqrtf
                0x08008c4c        0x8 c:/.platformio/packages/toolchain-gccarmnoneeabi/bin/../lib/gcc/arm-none-eabi/12.3.1/../../../../arm-none-eabi/lib/thumb/v7e-m+fp/hard\libm.a(libm_a-ef_sqrt.o)
                0x08008c4c                __ieee754_sqrtf
 *fill*         0x08008c54        0x4 
 .text.__kernel_cos
                0x08008c58      0x264 c:/.platformio/packages/toolchain-gccarmnoneeabi/bin/../lib/gcc/arm-none-eabi/12.3.1/../../../../arm-none-eabi/lib/thumb/v7e-m+fp/hard\libm.a(libm_a-k_cos.o)
                0x08008c58                __kernel_cos
 *fill*         0x08008ebc        0x4 
 .text.__kernel_sin
                0x08008ec0      0x17c c:/.platformio/packages/toolchain-gccarmnoneeabi/bin/../lib/gcc/arm-none-eabi/12.3.1/../../../../arm-none-eabi/lib/thumb/v7e-m+fp/hard\libm.a(libm_a-k_sin.o)
                0x08008ec0                __kernel_sin
 *fill*         0x0800903c        0x4 
 .text.__ieee754_rem_pio2
                0x08009040      0x444 c:/.platformio/packages/toolchain-gccarmnoneeabi/bin/../lib/gcc/arm-none-eabi/12.3.1/../../../../arm-none-eabi/lib/thumb/v7e-m+fp/hard\libm.a(libm_a-e_rem_pio2.o)
                0x08009040                __ieee754_rem_pio2
 *fill*         0x08009484        0x4 
 .text.exp      0x08009488       0xa0 c:/.platformio/packages/toolchain-gccarmnoneeabi/bin/../lib/gcc/arm-none-eabi/12.3.1/../../../../arm-none-eabi/lib/thumb/v7e-m+fp/hard\libm.a(libm_a-w_exp.o)
                0x08009488                exp
 .text.fabs     0x08009528       0x10 c:/.platformio/packages/toolchain-gccarmnoneeabi/bin/../lib/gcc/arm-none-eabi/12.3.1/../../../../arm-none-eabi/lib/thumb/v7e-m+fp/hard\libm.a(libm_a-s_fabs.o)
                0x08009528                fabs
 .text.__kernel_cosf
                0x08009538      0x104 c:/.platformio/packages/toolchain-gccarmnoneeabi/bin/../lib/gcc/arm-none-eabi/12.3.1/../../../../arm-none-eabi/lib/thumb/v7e-m+fp/hard\libm.a(libm_a-kf_cos.o)
                0x08009538                __kernel_cosf
 .text.__kernel_sinf
                0x0800963c       0x90 c:/.platformio/packages/toolchain-gccarmnoneeabi/bin/../lib/gcc/arm-none-eabi/12.3.1/../../../../arm-none-eabi/lib/thumb/v7e-m+fp/hard\libm.a(libm_a-kf_sin.o)
                0x0800963c                __kernel_sinf
 .text.__ieee754_expf
                0x080096cc      0x1e8 c:/.platformio/packages/toolchain-gccarmnoneeabi/bin/../lib/gcc/arm-none-eabi/12.3.1/../../../../arm-none-eabi/lib/thumb/v7e-m+fp/hard\libm.a(libm_a-ef_exp.o)
                0x080096cc                __ieee754_expf
 .text.__ieee754_powf
                0x080098b4      0x68c c:/.platformio/packages/toolchain-gccarmnoneeabi/bin/../lib/gcc/arm-none-eabi/12.3.1/../../../../arm-none-eabi/lib/thumb/v7e-m+fp/hard\libm.a(libm_a-ef_pow.o)
                0x080098b4                __ieee754_powf
 .text.__ieee754_rem_pio2f
                0x08009f40      0x260 c:/.platformio/packages/toolchain-gccarmnoneeabi/bin/../lib/gcc/arm-none-eabi/12.3.1/../../../../arm-none-eabi/lib/thumb/v7e-m+fp/hard\libm.a(libm_a-ef_rem_pio2.o)
                0x08009f40                __ieee754_rem_pio2f
 .text.fabsf    0x0800a1a0       0x10 c:/.platformio/packages/toolchain-gccarmnoneeabi/bin/../lib/gcc/arm-none-eabi/12.3.1/../../../../arm-none-eabi/lib/thumb/v7e-m+fp/hard\libm.a(libm_a-sf_fabs.o)
                0x0800a1a0                fabsf
 .text.scalbn   0x0800a1b0      0x114 c:/.platformio/packages/toolchain-gccarmnoneeabi/bin/../lib/gcc/arm-none-eabi/12.3.1/../../../../arm-none-eabi/lib/thumb/v7e-m+fp/hard\libm.a(libm_a-s_scalbn.o)
                0x0800a1b0                scalbn
 .text.with_errno
                0x0800a2c4       0x24 c:/.platformio/packages/toolchain-gccarmnoneeabi/bin/../lib/gcc/arm-none-eabi/12.3.1/../../../../arm-none-eabi/lib/thumb/v7e-m+fp/hard\libm.a(libm_a-math_err.o)
 .text.xflow    0x0800a2e8       0x34 c:/.platformio/packages/toolchain-gccarmnoneeabi/bin/../lib/gcc/arm-none-eabi/12.3.1/../../../../arm-none-eabi/lib/thumb/v7e-m+fp/hard\libm.a(libm_a-math_err.o)
 *fill*         0x0800a31c        0x4 
 .text.__math_uflow
                0x0800a320       0x10 c:/.platformio/packages/toolchain-gccarmnoneeabi/bin/../lib/gcc/arm-none-eabi/12.3.1/../../../../arm-none-eabi/lib/thumb/v7e-m+fp/hard\libm.a(libm_a-math_err.o)
                0x0800a320                __math_uflow
 .text.__math_oflow
                0x0800a330       0x10 c:/.platformio/packages/toolchain-gccarmnoneeabi/bin/../lib/gcc/arm-none-eabi/12.3.1/../../../../arm-none-eabi/lib/thumb/v7e-m+fp/hard\libm.a(libm_a-math_err.o)
                0x0800a330                __math_oflow
 .text.scalbnf  0x0800a340       0xe4 c:/.platformio/packages/toolchain-gccarmnoneeabi/bin/../lib/gcc/arm-none-eabi/12.3.1/../../../../arm-none-eabi/lib/thumb/v7e-m+fp/hard\libm.a(libm_a-sf_scalbn.o)
                0x0800a340                scalbnf
 .text.with_errnof
                0x0800a424       0x1c c:/.platformio/packages/toolchain-gccarmnoneeabi/bin/../lib/gcc/arm-none-eabi/12.3.1/../../../../arm-none-eabi/lib/thumb/v7e-m+fp/hard\libm.a(libm_a-math_errf.o)
 .text.xflowf   0x0800a440       0x20 c:/.platformio/packages/toolchain-gccarmnoneeabi/bin/../lib/gcc/arm-none-eabi/12.3.1/../../../../arm-none-eabi/lib/thumb/v7e-m+fp/hard\libm.a(libm_a-math_errf.o)
 .text.__math_uflowf
                0x0800a460        0xc c:/.platformio/packages/toolchain-gccarmnoneeabi/bin/../lib/gcc/arm-none-eabi/12.3.1/../../../../arm-none-eabi/lib/thumb/v7e-m+fp/hard\libm.a(libm_a-math_errf.o)
                0x0800a460                __math_uflowf
 .text.__math_oflowf
                0x0800a46c        0xc c:/.platformio/packages/toolchain-gccarmnoneeabi/bin/../lib/gcc/arm-none-eabi/12.3.1/../../../../arm-none-eabi/lib/thumb/v7e-m+fp/hard\libm.a(libm_a-math_errf.o)
                0x0800a46c                __math_oflowf
 .text.__kernel_rem_pio2
                0x0800a478      0x87c c:/.platformio/packages/toolchain-gccarmnoneeabi/bin/../lib/gcc/arm-none-eabi/12.3.1/../../../../arm-none-eabi/lib/thumb/v7e-m+fp/hard\libm.a(libm_a-k_rem_pio2.o)
                0x0800a478                __kernel_rem_pio2
 *fill*         0x0800acf4        0x4 
 .text.__ieee754_exp
                0x0800acf8      0x394 c:/.platformio/packages/toolchain-gccarmnoneeabi/bin/../lib/gcc/arm-none-eabi/12.3.1/../../../../arm-none-eabi/lib/thumb/v7e-m+fp/hard\libm.a(libm_a-e_exp.o)
                0x0800acf8                __ieee754_exp
 .text.__kernel_rem_pio2f
                0x0800b08c      0x66c c:/.platformio/packages/toolchain-gccarmnoneeabi/bin/../lib/gcc/arm-none-eabi/12.3.1/../../../../arm-none-eabi/lib/thumb/v7e-m+fp/hard\libm.a(libm_a-kf_rem_pio2.o)
                0x0800b08c                __kernel_rem_pio2f
 .text.floor    0x0800b6f8      0x108 c:/.platformio/packages/toolchain-gccarmnoneeabi/bin/../lib/gcc/arm-none-eabi/12.3.1/../../../../arm-none-eabi/lib/thumb/v7e-m+fp/hard\libm.a(libm_a-s_floor.o)
                0x0800b6f8                floor
 .text.floorf   0x0800b800       0x94 c:/.platformio/packages/toolchain-gccarmnoneeabi/bin/../lib/gcc/arm-none-eabi/12.3.1/../../../../arm-none-eabi/lib/thumb/v7e-m+fp/hard\libm.a(libm_a-sf_floor.o)
                0x0800b800                floorf
 .text.abort    0x0800b894        0xe c:/.platformio/packages/toolchain-gccarmnoneeabi/bin/../lib/gcc/arm-none-eabi/12.3.1/../../../../arm-none-eabi/lib/thumb/v7e-m+fp/hard\libc_nano.a(libc_a-abort.o)
                0x0800b894                abort
 *fill*         0x0800b8a2        0x2 
 .text.malloc   0x0800b8a4       0x10 c:/.platformio/packages/toolchain-gccarmnoneeabi/bin/../lib/gcc/arm-none-eabi/12.3.1/../../../../arm-none-eabi/lib/thumb/v7e-m+fp/hard\libc_nano.a(libc_a-malloc.o)
                0x0800b8a4                malloc
 .text.free     0x0800b8b4       0x10 c:/.platformio/packages/toolchain-gccarmnoneeabi/bin/../lib/gcc/arm-none-eabi/12.3.1/../../../../arm-none-eabi/lib/thumb/v7e-m+fp/hard\libc_nano.a(libc_a-malloc.o)
                0x0800b8b4                free
 .text.sbrk_aligned
                0x0800b8c4       0x44 c:/.platformio/packages/toolchain-gccarmnoneeabi/bin/../lib/gcc/arm-none-eabi/12.3.1/../../../../arm-none-eabi/lib/thumb/v7e-m+fp/hard\libc_nano.a(libc_a-mallocr.o)
 .text._malloc_r
                0x0800b908      0x100 c:/.platformio/packages/toolchain-gccarmnoneeabi/bin/../lib/gcc/arm-none-eabi/12.3.1/../../../../arm-none-eabi/lib/thumb/v7e-m+fp/hard\libc_nano.a(libc_a-mallocr.o)
                0x0800b908                _malloc_r
 .text.__malloc_lock
                0x0800ba08        0xc c:/.platformio/packages/toolchain-gccarmnoneeabi/bin/../lib/gcc/arm-none-eabi/12.3.1/../../../../arm-none-eabi/lib/thumb/v7e-m+fp/hard\libc_nano.a(libc_a-mlock.o)
                0x0800ba08                __malloc_lock
 .text.__malloc_unlock
                0x0800ba14        0xc c:/.platformio/packages/toolchain-gccarmnoneeabi/bin/../lib/gcc/arm-none-eabi/12.3.1/../../../../arm-none-eabi/lib/thumb/v7e-m+fp/hard\libc_nano.a(libc_a-mlock.o)
                0x0800ba14                __malloc_unlock
 .text.memset   0x0800ba20       0x10 c:/.platformio/packages/toolchain-gccarmnoneeabi/bin/../lib/gcc/arm-none-eabi/12.3.1/../../../../arm-none-eabi/lib/thumb/v7e-m+fp/hard\libc_nano.a(libc_a-memset.o)
                0x0800ba20                memset
 .text._raise_r
                0x0800ba30       0x50 c:/.platformio/packages/toolchain-gccarmnoneeabi/bin/../lib/gcc/arm-none-eabi/12.3.1/../../../../arm-none-eabi/lib/thumb/v7e-m+fp/hard\libc_nano.a(libc_a-signal.o)
                0x0800ba30                _raise_r
 .text.raise    0x0800ba80       0x10 c:/.platformio/packages/toolchain-gccarmnoneeabi/bin/../lib/gcc/arm-none-eabi/12.3.1/../../../../arm-none-eabi/lib/thumb/v7e-m+fp/hard\libc_nano.a(libc_a-signal.o)
                0x0800ba80                raise
 .text._kill_r  0x0800ba90       0x24 c:/.platformio/packages/toolchain-gccarmnoneeabi/bin/../lib/gcc/arm-none-eabi/12.3.1/../../../../arm-none-eabi/lib/thumb/v7e-m+fp/hard\libc_nano.a(libc_a-signalr.o)
                0x0800ba90                _kill_r
 .text._getpid_r
                0x0800bab4        0x4 c:/.platformio/packages/toolchain-gccarmnoneeabi/bin/../lib/gcc/arm-none-eabi/12.3.1/../../../../arm-none-eabi/lib/thumb/v7e-m+fp/hard\libc_nano.a(libc_a-signalr.o)
                0x0800bab4                _getpid_r
 .text._sbrk_r  0x0800bab8       0x20 c:/.platformio/packages/toolchain-gccarmnoneeabi/bin/../lib/gcc/arm-none-eabi/12.3.1/../../../../arm-none-eabi/lib/thumb/v7e-m+fp/hard\libc_nano.a(libc_a-sbrkr.o)
                0x0800bab8                _sbrk_r
 .text.__errno  0x0800bad8        0xc c:/.platformio/packages/toolchain-gccarmnoneeabi/bin/../lib/gcc/arm-none-eabi/12.3.1/../../../../arm-none-eabi/lib/thumb/v7e-m+fp/hard\libc_nano.a(libc_a-errno.o)
                0x0800bad8                __errno
 .text.__libc_init_array
                0x0800bae4       0x48 c:/.platformio/packages/toolchain-gccarmnoneeabi/bin/../lib/gcc/arm-none-eabi/12.3.1/../../../../arm-none-eabi/lib/thumb/v7e-m+fp/hard\libc_nano.a(libc_a-init.o)
                0x0800bae4                __libc_init_array
 .text.__retarget_lock_acquire_recursive
                0x0800bb2c        0x2 c:/.platformio/packages/toolchain-gccarmnoneeabi/bin/../lib/gcc/arm-none-eabi/12.3.1/../../../../arm-none-eabi/lib/thumb/v7e-m+fp/hard\libc_nano.a(libc_a-lock.o)
                0x0800bb2c                __retarget_lock_acquire_recursive
 .text.__retarget_lock_release_recursive
                0x0800bb2e        0x2 c:/.platformio/packages/toolchain-gccarmnoneeabi/bin/../lib/gcc/arm-none-eabi/12.3.1/../../../../arm-none-eabi/lib/thumb/v7e-m+fp/hard\libc_nano.a(libc_a-lock.o)
                0x0800bb2e                __retarget_lock_release_recursive
 .text.memcpy   0x0800bb30       0x1c c:/.platformio/packages/toolchain-gccarmnoneeabi/bin/../lib/gcc/arm-none-eabi/12.3.1/../../../../arm-none-eabi/lib/thumb/v7e-m+fp/hard\libc_nano.a(libc_a-memcpy-stub.o)
                0x0800bb30                memcpy
 .text._free_r  0x0800bb4c       0x94 c:/.platformio/packages/toolchain-gccarmnoneeabi/bin/../lib/gcc/arm-none-eabi/12.3.1/../../../../arm-none-eabi/lib/thumb/v7e-m+fp/hard\libc_nano.a(libc_a-freer.o)
                0x0800bb4c                _free_r
 *(.glue_7)
 .glue_7        0x0800bbe0        0x0 linker stubs
 *(.glue_7t)
 .glue_7t       0x0800bbe0        0x0 linker stubs
 *(.eh_frame)
 .eh_frame      0x0800bbe0        0x0 c:/.platformio/packages/toolchain-gccarmnoneeabi/bin/../lib/gcc/arm-none-eabi/12.3.1/thumb/v7e-m+fp/hard/crtbegin.o
 *(.init)
 .init          0x0800bbe0        0x4 c:/.platformio/packages/toolchain-gccarmnoneeabi/bin/../lib/gcc/arm-none-eabi/12.3.1/thumb/v7e-m+fp/hard/crti.o
                0x0800bbe0                _init
 .init          0x0800bbe4        0x8 c:/.platformio/packages/toolchain-gccarmnoneeabi/bin/../lib/gcc/arm-none-eabi/12.3.1/thumb/v7e-m+fp/hard/crtn.o
 *(.fini)
 .fini          0x0800bbec        0x4 c:/.platformio/packages/toolchain-gccarmnoneeabi/bin/../lib/gcc/arm-none-eabi/12.3.1/thumb/v7e-m+fp/hard/crti.o
                0x0800bbec                _fini
 .fini          0x0800bbf0        0x8 c:/.platformio/packages/toolchain-gccarmnoneeabi/bin/../lib/gcc/arm-none-eabi/12.3.1/thumb/v7e-m+fp/hard/crtn.o
                0x0800bbf8                        . = ALIGN (0x4)
                0x0800bbf8                        _etext = .

.vfp11_veneer   0x0800bbf8        0x0
 .vfp11_veneer  0x0800bbf8        0x0 linker stubs

.v4_bx          0x0800bbf8        0x0
 .v4_bx         0x0800bbf8        0x0 linker stubs

.iplt           0x0800bbf8        0x0
 .iplt          0x0800bbf8        0x0 c:/.platformio/packages/toolchain-gccarmnoneeabi/bin/../lib/gcc/arm-none-eabi/12.3.1/thumb/v7e-m+fp/hard/crtbegin.o

.rodata         0x0800bbf8      0xbe0
                0x0800bbf8                        . = ALIGN (0x4)
 *(.rodata)
 .rodata        0x0800bbf8       0x10 .pio/build/weact_mini_h743vitx/src/main.cpp.o
 .rodata        0x0800bc08       0x1c .pio/build/weact_mini_h743vitx/lib010/libDattorro.a(Dattorro.cpp.o)
 *(.rodata*)
 .rodata.PinMap_UART_CTS
                0x0800bc24       0x90 .pio/build/weact_mini_h743vitx/FrameworkArduinoVariant/PeripheralPins_WeActMiniH7xx.c.o
                0x0800bc24                PinMap_UART_CTS
 .rodata.PinMap_UART_RTS
                0x0800bcb4       0x90 .pio/build/weact_mini_h743vitx/FrameworkArduinoVariant/PeripheralPins_WeActMiniH7xx.c.o
                0x0800bcb4                PinMap_UART_RTS
 .rodata.PinMap_UART_RX
                0x0800bd44      0x120 .pio/build/weact_mini_h743vitx/FrameworkArduinoVariant/PeripheralPins_WeActMiniH7xx.c.o
                0x0800bd44                PinMap_UART_RX
 .rodata.PinMap_UART_TX
                0x0800be64      0x120 .pio/build/weact_mini_h743vitx/FrameworkArduinoVariant/PeripheralPins_WeActMiniH7xx.c.o
                0x0800be64                PinMap_UART_TX
 .rodata.digitalPin
                0x0800bf84      0x148 .pio/build/weact_mini_h743vitx/FrameworkArduinoVariant/variant_WeActMiniH7xx.cpp.o
                0x0800bf84                digitalPin
 .rodata.UARTPrescTable
                0x0800c0cc       0x18 .pio/build/weact_mini_h743vitx/SrcWrapper/src/HAL/stm32yyxx_hal_uart.c.o
                0x0800c0cc                UARTPrescTable
 .rodata.pin_map_ll
                0x0800c0e4       0x40 .pio/build/weact_mini_h743vitx/SrcWrapper/src/stm32/pinmap.c.o
                0x0800c0e4                pin_map_ll
 .rodata.PinMapAnalogSwitch
                0x0800c124       0x28 .pio/build/weact_mini_h743vitx/SrcWrapper/src/stm32/pinmap.c.o
                0x0800c124                PinMapAnalogSwitch
 .rodata.D1CorePrescTable
                0x0800c14c       0x10 .pio/build/weact_mini_h743vitx/SrcWrapper/src/stm32/system_stm32yyxx.c.o
                0x0800c14c                D1CorePrescTable
 .rodata._ZN10RingBufferIfEC2Ej.str1.1
                0x0800c15c       0x31 .pio/build/weact_mini_h743vitx/src/main.cpp.o
 .rodata._ZNSt6vectorI11BandShifterSaIS0_EE17_M_realloc_insertIJRKfRfS5_EEEvN9__gnu_cxx17__normal_iteratorIPS0_S2_EEDpOT_.str1.1
                0x0800c18d       0x1a .pio/build/weact_mini_h743vitx/src/main.cpp.o
 *fill*         0x0800c1a7        0x1 
 .rodata.CSWTCH.73
                0x0800c1a8        0xc .pio/build/weact_mini_h743vitx/libFrameworkArduino.a(HardwareSerial.cpp.o)
 .rodata.CSWTCH.72
                0x0800c1b4        0x5 .pio/build/weact_mini_h743vitx/libFrameworkArduino.a(HardwareSerial.cpp.o)
 *fill*         0x0800c1b9        0x3 
 .rodata._ZTV14HardwareSerial
                0x0800c1bc       0x2c .pio/build/weact_mini_h743vitx/libFrameworkArduino.a(HardwareSerial.cpp.o)
                0x0800c1bc                vtable for HardwareSerial
 .rodata.npio2_hw
                0x0800c1e8       0x80 c:/.platformio/packages/toolchain-gccarmnoneeabi/bin/../lib/gcc/arm-none-eabi/12.3.1/../../../../arm-none-eabi/lib/thumb/v7e-m+fp/hard\libm.a(libm_a-e_rem_pio2.o)
 .rodata.two_over_pi
                0x0800c268      0x108 c:/.platformio/packages/toolchain-gccarmnoneeabi/bin/../lib/gcc/arm-none-eabi/12.3.1/../../../../arm-none-eabi/lib/thumb/v7e-m+fp/hard\libm.a(libm_a-e_rem_pio2.o)
 .rodata.ln2LO  0x0800c370        0x8 c:/.platformio/packages/toolchain-gccarmnoneeabi/bin/../lib/gcc/arm-none-eabi/12.3.1/../../../../arm-none-eabi/lib/thumb/v7e-m+fp/hard\libm.a(libm_a-ef_exp.o)
 .rodata.ln2HI  0x0800c378        0x8 c:/.platformio/packages/toolchain-gccarmnoneeabi/bin/../lib/gcc/arm-none-eabi/12.3.1/../../../../arm-none-eabi/lib/thumb/v7e-m+fp/hard\libm.a(libm_a-ef_exp.o)
 .rodata.halF   0x0800c380        0x8 c:/.platformio/packages/toolchain-gccarmnoneeabi/bin/../lib/gcc/arm-none-eabi/12.3.1/../../../../arm-none-eabi/lib/thumb/v7e-m+fp/hard\libm.a(libm_a-ef_exp.o)
 .rodata.npio2_hw
                0x0800c388       0x80 c:/.platformio/packages/toolchain-gccarmnoneeabi/bin/../lib/gcc/arm-none-eabi/12.3.1/../../../../arm-none-eabi/lib/thumb/v7e-m+fp/hard\libm.a(libm_a-ef_rem_pio2.o)
 .rodata.two_over_pi
                0x0800c408      0x318 c:/.platformio/packages/toolchain-gccarmnoneeabi/bin/../lib/gcc/arm-none-eabi/12.3.1/../../../../arm-none-eabi/lib/thumb/v7e-m+fp/hard\libm.a(libm_a-ef_rem_pio2.o)
 .rodata.PIo2   0x0800c720       0x40 c:/.platformio/packages/toolchain-gccarmnoneeabi/bin/../lib/gcc/arm-none-eabi/12.3.1/../../../../arm-none-eabi/lib/thumb/v7e-m+fp/hard\libm.a(libm_a-k_rem_pio2.o)
 .rodata.init_jk
                0x0800c760       0x10 c:/.platformio/packages/toolchain-gccarmnoneeabi/bin/../lib/gcc/arm-none-eabi/12.3.1/../../../../arm-none-eabi/lib/thumb/v7e-m+fp/hard\libm.a(libm_a-k_rem_pio2.o)
 .rodata.ln2LO  0x0800c770       0x10 c:/.platformio/packages/toolchain-gccarmnoneeabi/bin/../lib/gcc/arm-none-eabi/12.3.1/../../../../arm-none-eabi/lib/thumb/v7e-m+fp/hard\libm.a(libm_a-e_exp.o)
 .rodata.ln2HI  0x0800c780       0x10 c:/.platformio/packages/toolchain-gccarmnoneeabi/bin/../lib/gcc/arm-none-eabi/12.3.1/../../../../arm-none-eabi/lib/thumb/v7e-m+fp/hard\libm.a(libm_a-e_exp.o)
 .rodata.halF   0x0800c790       0x10 c:/.platformio/packages/toolchain-gccarmnoneeabi/bin/../lib/gcc/arm-none-eabi/12.3.1/../../../../arm-none-eabi/lib/thumb/v7e-m+fp/hard\libm.a(libm_a-e_exp.o)
 .rodata.PIo2   0x0800c7a0       0x2c c:/.platformio/packages/toolchain-gccarmnoneeabi/bin/../lib/gcc/arm-none-eabi/12.3.1/../../../../arm-none-eabi/lib/thumb/v7e-m+fp/hard\libm.a(libm_a-kf_rem_pio2.o)
 .rodata.init_jk
                0x0800c7cc        0xc c:/.platformio/packages/toolchain-gccarmnoneeabi/bin/../lib/gcc/arm-none-eabi/12.3.1/../../../../arm-none-eabi/lib/thumb/v7e-m+fp/hard\libm.a(libm_a-kf_rem_pio2.o)
                0x0800c7d8                        . = ALIGN (0x4)

.ARM.extab
 *(.ARM.extab* .gnu.linkonce.armextab.*)

.ARM            0x0800c7d8        0x8
                0x0800c7d8                        __exidx_start = .
 *(.ARM.exidx*)
 .ARM.exidx.text.__udivmoddi4
                0x0800c7d8        0x8 c:/.platformio/packages/toolchain-gccarmnoneeabi/bin/../lib/gcc/arm-none-eabi/12.3.1/thumb/v7e-m+fp/hard\libgcc.a(_udivmoddi4.o)
                0x0800c7e0                        __exidx_end = .

.preinit_array  0x0800c7e0        0x0
                0x0800c7e0                        PROVIDE (__preinit_array_start = .)
 *(.preinit_array*)
                0x0800c7e0                        PROVIDE (__preinit_array_end = .)

.init_array     0x0800c7e0       0x14
                0x0800c7e0                        PROVIDE (__init_array_start = .)
 *(SORT_BY_NAME(.init_array.*))
 .init_array.00101
                0x0800c7e0        0x4 .pio/build/weact_mini_h743vitx/libFrameworkArduino.a(main.cpp.o)
 *(.init_array*)
 .init_array    0x0800c7e4        0x4 c:/.platformio/packages/toolchain-gccarmnoneeabi/bin/../lib/gcc/arm-none-eabi/12.3.1/thumb/v7e-m+fp/hard/crtbegin.o
 .init_array    0x0800c7e8        0x4 .pio/build/weact_mini_h743vitx/SrcWrapper/src/stm32/interrupt.cpp.o
 .init_array    0x0800c7ec        0x4 .pio/build/weact_mini_h743vitx/src/main.cpp.o
 .init_array    0x0800c7f0        0x4 .pio/build/weact_mini_h743vitx/libFrameworkArduino.a(HardwareSerial.cpp.o)
                0x0800c7f4                        PROVIDE (__init_array_end = .)

.fini_array     0x0800c7f4        0xc
                0x0800c7f4                        PROVIDE (__fini_array_start = .)
 *(SORT_BY_NAME(.fini_array.*))
 *(.fini_array*)
 .fini_array    0x0800c7f4        0x4 c:/.platformio/packages/toolchain-gccarmnoneeabi/bin/../lib/gcc/arm-none-eabi/12.3.1/thumb/v7e-m+fp/hard/crtbegin.o
 .fini_array    0x0800c7f8        0x4 .pio/build/weact_mini_h743vitx/SrcWrapper/src/stm32/interrupt.cpp.o
 .fini_array    0x0800c7fc        0x4 .pio/build/weact_mini_h743vitx/src/main.cpp.o
                0x0800c800                        PROVIDE (__fini_array_end = .)
                0x0800c800                        _sidata = LOADADDR (.data)

.rel.dyn        0x0800c800        0x0
 .rel.iplt      0x0800c800        0x0 c:/.platformio/packages/toolchain-gccarmnoneeabi/bin/../lib/gcc/arm-none-eabi/12.3.1/thumb/v7e-m+fp/hard/crtbegin.o

.data           0x24000000       0x88 load address 0x0800c800
                0x24000000                        . = ALIGN (0x4)
                0x24000000                        _sdata = .
 *(.data)
 *(.data*)
 .data.uwTickFreq
                0x24000000        0x1 .pio/build/weact_mini_h743vitx/SrcWrapper/src/HAL/stm32yyxx_hal.c.o
                0x24000000                uwTickFreq
 *fill*         0x24000001        0x3 
 .data.uwTickPrio
                0x24000004        0x4 .pio/build/weact_mini_h743vitx/SrcWrapper/src/HAL/stm32yyxx_hal.c.o
                0x24000004                uwTickPrio
 .data.hcrc     0x24000008       0x24 .pio/build/weact_mini_h743vitx/SrcWrapper/src/stm32/hw_config.c.o
                0x24000008                hcrc
 .data.SystemD2Clock
                0x2400002c        0x4 .pio/build/weact_mini_h743vitx/SrcWrapper/src/stm32/system_stm32yyxx.c.o
                0x2400002c                SystemD2Clock
 .data.SystemCoreClock
                0x24000030        0x4 .pio/build/weact_mini_h743vitx/SrcWrapper/src/stm32/system_stm32yyxx.c.o
                0x24000030                SystemCoreClock
 .data.heap_end.0
                0x24000034        0x4 .pio/build/weact_mini_h743vitx/SrcWrapper/src/syscalls.c.o
 .data._impure_ptr
                0x24000038        0x4 c:/.platformio/packages/toolchain-gccarmnoneeabi/bin/../lib/gcc/arm-none-eabi/12.3.1/../../../../arm-none-eabi/lib/thumb/v7e-m+fp/hard\libc_nano.a(libc_a-impure.o)
                0x24000038                _impure_ptr
 .data._impure_data
                0x2400003c       0x4c c:/.platformio/packages/toolchain-gccarmnoneeabi/bin/../lib/gcc/arm-none-eabi/12.3.1/../../../../arm-none-eabi/lib/thumb/v7e-m+fp/hard\libc_nano.a(libc_a-impure.o)
                0x2400003c                _impure_data
 *(.RamFunc)
 *(.RamFunc*)
                0x24000088                        . = ALIGN (0x4)
                0x24000088                        _edata = .

.igot.plt       0x24000088        0x0 load address 0x0800c888
 .igot.plt      0x24000088        0x0 c:/.platformio/packages/toolchain-gccarmnoneeabi/bin/../lib/gcc/arm-none-eabi/12.3.1/thumb/v7e-m+fp/hard/crtbegin.o

.ram_d2         0x24000088      0x600 load address 0x0800c888
 .ram_d2        0x24000088      0x600 .pio/build/weact_mini_h743vitx/src/main.cpp.o
                0x24000088                rxBuf
                0x24000388                txBuf

.ram_d1         0x24000688    0x469b0 load address 0x0800ce88
 .ram_d1        0x24000688    0x469b0 .pio/build/weact_mini_h743vitx/src/main.cpp.o
                0x24000688                buf_inapf4
                0x24000e58                buf_inapf3
                0x24001880                buf_inapf2
                0x24001ba0                buf_inapf1
                0x24001f88                buf_rdly2
                0x24007578                buf_rapf2
                0x2400bbc8                buf_rdly1
                0x24012928                buf_rapf1
                0x24014098                buf_ldly2
                0x2401a628                buf_lapf2
                0x2401d508                buf_ldly1
                0x24024a38                buf_lapf1
                0x24025cf8                buf_predelay
                0x24047038                        . = ALIGN (0x4)

.bss            0x24047038      0xe08 load address 0x08053838
                0x24047038                        _sbss = .
                0x24047038                        __bss_start__ = _sbss
 *(.bss)
 *(.bss*)
 .bss.completed.1
                0x24047038        0x1 c:/.platformio/packages/toolchain-gccarmnoneeabi/bin/../lib/gcc/arm-none-eabi/12.3.1/thumb/v7e-m+fp/hard/crtbegin.o
 *fill*         0x24047039        0x3 
 .bss.object.0  0x2404703c       0x18 c:/.platformio/packages/toolchain-gccarmnoneeabi/bin/../lib/gcc/arm-none-eabi/12.3.1/thumb/v7e-m+fp/hard/crtbegin.o
 .bss.uwTick    0x24047054        0x4 .pio/build/weact_mini_h743vitx/SrcWrapper/src/HAL/stm32yyxx_hal.c.o
                0x24047054                uwTick
 .bss.HardwareTimer_Handle
                0x24047058       0x38 .pio/build/weact_mini_h743vitx/SrcWrapper/src/HardwareTimer.cpp.o
                0x24047058                HardwareTimer_Handle
 .bss._ZL13gpio_irq_conf
                0x24047090      0x140 .pio/build/weact_mini_h743vitx/SrcWrapper/src/stm32/interrupt.cpp.o
 .bss.uart_handlers
                0x240471d0       0x24 .pio/build/weact_mini_h743vitx/SrcWrapper/src/stm32/uart.c.o
 .bss.hdma_spi2_rx
                0x240471f4       0x78 .pio/build/weact_mini_h743vitx/src/main.cpp.o
                0x240471f4                hdma_spi2_rx
 .bss.hdma_spi2_tx
                0x2404726c       0x78 .pio/build/weact_mini_h743vitx/src/main.cpp.o
                0x2404726c                hdma_spi2_tx
 .bss.hi2s2     0x240472e4       0x54 .pio/build/weact_mini_h743vitx/src/main.cpp.o
                0x240472e4                hi2s2
 .bss.overdrive2
                0x24047338        0xc .pio/build/weact_mini_h743vitx/src/main.cpp.o
                0x24047338                overdrive2
 .bss.overdrive
                0x24047344        0xc .pio/build/weact_mini_h743vitx/src/main.cpp.o
                0x24047344                overdrive
 .bss.eq2       0x24047350       0x1c .pio/build/weact_mini_h743vitx/src/main.cpp.o
                0x24047350                eq2
 .bss.eq1       0x2404736c       0x18 .pio/build/weact_mini_h743vitx/src/main.cpp.o
                0x2404736c                eq1
 .bss.octave    0x24047384       0x18 .pio/build/weact_mini_h743vitx/src/main.cpp.o
                0x24047384                octave
 .bss.interpolate
                0x2404739c       0x28 .pio/build/weact_mini_h743vitx/src/main.cpp.o
                0x2404739c                interpolate
 .bss.decimate  0x240473c4       0x28 .pio/build/weact_mini_h743vitx/src/main.cpp.o
                0x240473c4                decimate
 *fill*         0x240473ec        0x4 
 .bss.reverb    0x240473f0      0x7a0 .pio/build/weact_mini_h743vitx/src/main.cpp.o
                0x240473f0                reverb
 .bss.scaleFactor
                0x24047b90        0x4 .pio/build/weact_mini_h743vitx/lib010/libDattorro.a(Dattorro.cpp.o)
                0x24047b90                scaleFactor
 .bss.SerialLP1
                0x24047b94      0x164 .pio/build/weact_mini_h743vitx/libFrameworkArduino.a(HardwareSerial.cpp.o)
                0x24047b94                SerialLP1
 .bss.__malloc_sbrk_start
                0x24047cf8        0x4 c:/.platformio/packages/toolchain-gccarmnoneeabi/bin/../lib/gcc/arm-none-eabi/12.3.1/../../../../arm-none-eabi/lib/thumb/v7e-m+fp/hard\libc_nano.a(libc_a-mallocr.o)
                0x24047cf8                __malloc_sbrk_start
 .bss.__malloc_free_list
                0x24047cfc        0x4 c:/.platformio/packages/toolchain-gccarmnoneeabi/bin/../lib/gcc/arm-none-eabi/12.3.1/../../../../arm-none-eabi/lib/thumb/v7e-m+fp/hard\libc_nano.a(libc_a-mallocr.o)
                0x24047cfc                __malloc_free_list
 .bss.__sf      0x24047d00      0x138 c:/.platformio/packages/toolchain-gccarmnoneeabi/bin/../lib/gcc/arm-none-eabi/12.3.1/../../../../arm-none-eabi/lib/thumb/v7e-m+fp/hard\libc_nano.a(libc_a-findfp.o)